Archive member included because of file (symbol)

.\CortexM3\ARM_GCC_493\Debug\galton board.a(cyfitter_cfg.o)
                              .\CortexM3\ARM_GCC_493\Debug\Cm3Start.o (cyfitter_cfg)
.\CortexM3\ARM_GCC_493\Debug\galton board.a(CyLib.o)
                              .\CortexM3\ARM_GCC_493\Debug\Cm3Start.o (CyHalt)
.\CortexM3\ARM_GCC_493\Debug\galton board.a(cyPm.o)
                              .\CortexM3\ARM_GCC_493\Debug\galton board.a(CyLib.o) (CyPmReadStatus)
.\CortexM3\ARM_GCC_493\Debug\galton board.a(UART_1.o)
                              .\CortexM3\ARM_GCC_493\Debug\main.o (UART_1_Start)
.\CortexM3\ARM_GCC_493\Debug\galton board.a(serial_in_buff.o)
                              .\CortexM3\ARM_GCC_493\Debug\main.o (serial_in_buff_StartEx)
.\CortexM3\ARM_GCC_493\Debug\galton board.a(UART_1_IntClock.o)
                              .\CortexM3\ARM_GCC_493\Debug\galton board.a(UART_1.o) (UART_1_IntClock_Start)
.\CortexM3\ARM_GCC_493\Debug\galton board.a(isr_1_sensor.o)
                              .\CortexM3\ARM_GCC_493\Debug\main.o (isr_1_sensor_StartEx)
.\CortexM3\ARM_GCC_493\Debug\galton board.a(isr_2_sensor.o)
                              .\CortexM3\ARM_GCC_493\Debug\main.o (isr_2_sensor_StartEx)
.\CortexM3\ARM_GCC_493\Debug\galton board.a(isr_3_sensor.o)
                              .\CortexM3\ARM_GCC_493\Debug\main.o (isr_3_sensor_StartEx)
.\CortexM3\ARM_GCC_493\Debug\galton board.a(isr_5_sensor.o)
                              .\CortexM3\ARM_GCC_493\Debug\main.o (isr_5_sensor_StartEx)
.\CortexM3\ARM_GCC_493\Debug\galton board.a(isr_4_sensor.o)
                              .\CortexM3\ARM_GCC_493\Debug\main.o (isr_4_sensor_StartEx)
.\CortexM3\ARM_GCC_493\Debug\galton board.a(isr_6_sensor.o)
                              .\CortexM3\ARM_GCC_493\Debug\main.o (isr_6_sensor_StartEx)
.\CortexM3\ARM_GCC_493\Debug\galton board.a(isr_7_sensor.o)
                              .\CortexM3\ARM_GCC_493\Debug\main.o (isr_7_sensor_StartEx)
.\CortexM3\ARM_GCC_493\Debug\galton board.a(isr_8_sensor.o)
                              .\CortexM3\ARM_GCC_493\Debug\main.o (isr_8_sensor_StartEx)
.\CortexM3\ARM_GCC_493\Debug\galton board.a(isr_9_sensor.o)
                              .\CortexM3\ARM_GCC_493\Debug\main.o (isr_9_sensor_StartEx)
.\CortexM3\ARM_GCC_493\Debug\galton board.a(isr_10_sensor.o)
                              .\CortexM3\ARM_GCC_493\Debug\main.o (isr_10_sensor_StartEx)
.\CortexM3\ARM_GCC_493\Debug\galton board.a(isr_11_sensor.o)
                              .\CortexM3\ARM_GCC_493\Debug\main.o (isr_11_sensor_StartEx)
.\CortexM3\ARM_GCC_493\Debug\galton board.a(isr_12_sensor.o)
                              .\CortexM3\ARM_GCC_493\Debug\main.o (isr_12_sensor_StartEx)
.\CortexM3\ARM_GCC_493\Debug\galton board.a(isr_13_sensor.o)
                              .\CortexM3\ARM_GCC_493\Debug\main.o (isr_13_sensor_StartEx)
.\CortexM3\ARM_GCC_493\Debug\galton board.a(CyBootAsmGnu.o)
                              .\CortexM3\ARM_GCC_493\Debug\galton board.a(cyfitter_cfg.o) (CyDelayCycles)
.\CortexM3\ARM_GCC_493\Debug\galton board.a(CyFlash.o)
                              .\CortexM3\ARM_GCC_493\Debug\galton board.a(cyPm.o) (CyFlash_SetWaitCycles)
.\CortexM3\ARM_GCC_493\Debug\galton board.a(CySpc.o)
                              .\CortexM3\ARM_GCC_493\Debug\galton board.a(CyFlash.o) (CySpcStart)
c:/program files (x86)/cypress/psoc creator/4.0/psoc creator/import/gnu/arm/4.9.3/bin/../lib/gcc/arm-none-eabi/4.9.3/../../../../arm-none-eabi/lib/armv7-m\libg_nano.a(lib_a-errno.o)
                              .\CortexM3\ARM_GCC_493\Debug\Cm3Start.o (__errno)
c:/program files (x86)/cypress/psoc creator/4.0/psoc creator/import/gnu/arm/4.9.3/bin/../lib/gcc/arm-none-eabi/4.9.3/../../../../arm-none-eabi/lib/armv7-m\libg_nano.a(lib_a-exit.o)
                              c:/program files (x86)/cypress/psoc creator/4.0/psoc creator/import/gnu/arm/4.9.3/bin/../lib/gcc/arm-none-eabi/4.9.3/../../../../arm-none-eabi/lib/armv7-m/crt0.o (exit)
c:/program files (x86)/cypress/psoc creator/4.0/psoc creator/import/gnu/arm/4.9.3/bin/../lib/gcc/arm-none-eabi/4.9.3/../../../../arm-none-eabi/lib/armv7-m\libg_nano.a(lib_a-impure.o)
                              c:/program files (x86)/cypress/psoc creator/4.0/psoc creator/import/gnu/arm/4.9.3/bin/../lib/gcc/arm-none-eabi/4.9.3/../../../../arm-none-eabi/lib/armv7-m\libg_nano.a(lib_a-exit.o) (_global_impure_ptr)
c:/program files (x86)/cypress/psoc creator/4.0/psoc creator/import/gnu/arm/4.9.3/bin/../lib/gcc/arm-none-eabi/4.9.3/../../../../arm-none-eabi/lib/armv7-m\libg_nano.a(lib_a-init.o)
                              c:/program files (x86)/cypress/psoc creator/4.0/psoc creator/import/gnu/arm/4.9.3/bin/../lib/gcc/arm-none-eabi/4.9.3/../../../../arm-none-eabi/lib/armv7-m/crt0.o (__libc_init_array)
c:/program files (x86)/cypress/psoc creator/4.0/psoc creator/import/gnu/arm/4.9.3/bin/../lib/gcc/arm-none-eabi/4.9.3/../../../../arm-none-eabi/lib/armv7-m\libg_nano.a(lib_a-memcpy.o)
[...]
Memory Configuration

Name             Origin             Length             Attributes
rom              0x00000000         0x00040000         xr
ram              0x1fff8000         0x00010000         xrw
*default*        0x00000000         0xffffffff

Linker script and memory map

LOAD c:/program files (x86)/cypress/psoc creator/4.0/psoc creator/import/gnu/arm/4.9.3/bin/../lib/gcc/arm-none-eabi/4.9.3/armv7-m/crti.o
LOAD c:/program files (x86)/cypress/psoc creator/4.0/psoc creator/import/gnu/arm/4.9.3/bin/../lib/gcc/arm-none-eabi/4.9.3/armv7-m/crtbegin.o
LOAD c:/program files (x86)/cypress/psoc creator/4.0/psoc creator/import/gnu/arm/4.9.3/bin/../lib/gcc/arm-none-eabi/4.9.3/../../../../arm-none-eabi/lib/armv7-m/crt0.o
START GROUP
LOAD .\CortexM3\ARM_GCC_493\Debug\main.o
LOAD .\CortexM3\ARM_GCC_493\Debug\cymetadata.o
LOAD .\CortexM3\ARM_GCC_493\Debug\Cm3Start.o
LOAD .\CortexM3\ARM_GCC_493\Debug\galton board.a
LOAD C:\Program Files (x86)\Cypress\PSoC Creator\4.0\PSoC Creator\psoc\content\cycomponentlibrary\CyComponentLibrary.cylib\CortexM3\ARM_GCC_493\Debug\CyComponentLibrary.a
END GROUP
START GROUP
LOAD c:/program files (x86)/cypress/psoc creator/4.0/psoc creator/import/gnu/arm/4.9.3/bin/../lib/gcc/arm-none-eabi/4.9.3/armv7-m\libgcc.a
LOAD c:/program files (x86)/cypress/psoc creator/4.0/psoc creator/import/gnu/arm/4.9.3/bin/../lib/gcc/arm-none-eabi/4.9.3/../../../../arm-none-eabi/lib/armv7-m\libg_nano.a
LOAD c:/program files (x86)/cypress/psoc creator/4.0/psoc creator/import/gnu/arm/4.9.3/bin/../lib/gcc/arm-none-eabi/4.9.3/../../../../arm-none-eabi/lib/armv7-m\libc_nano.a
END GROUP
START GROUP
LOAD c:/program files (x86)/cypress/psoc creator/4.0/psoc creator/import/gnu/arm/4.9.3/bin/../lib/gcc/arm-none-eabi/4.9.3/armv7-m\libgcc.a
LOAD c:/program files (x86)/cypress/psoc creator/4.0/psoc creator/import/gnu/arm/4.9.3/bin/../lib/gcc/arm-none-eabi/4.9.3/../../../../arm-none-eabi/lib/armv7-m\libc_nano.a
END GROUP
LOAD c:/program files (x86)/cypress/psoc creator/4.0/psoc creator/import/gnu/arm/4.9.3/bin/../lib/gcc/arm-none-eabi/4.9.3/armv7-m/crtend.o
LOAD c:/program files (x86)/cypress/psoc creator/4.0/psoc creator/import/gnu/arm/4.9.3/bin/../lib/gcc/arm-none-eabi/4.9.3/armv7-m/crtn.o
START GROUP
LOAD c:/program files (x86)/cypress/psoc creator/4.0/psoc creator/import/gnu/arm/4.9.3/bin/../lib/gcc/arm-none-eabi/4.9.3/armv7-m\libgcc.a
LOAD c:/program files (x86)/cypress/psoc creator/4.0/psoc creator/import/gnu/arm/4.9.3/bin/../lib/gcc/arm-none-eabi/4.9.3/../../../../arm-none-eabi/lib/armv7-m\libc.a
LOAD c:/program files (x86)/cypress/psoc creator/4.0/psoc creator/import/gnu/arm/4.9.3/bin/../lib/gcc/arm-none-eabi/4.9.3/../../../../arm-none-eabi/lib/armv7-m\libnosys.a
END GROUP
                0x00000000                CY_APPL_ORIGIN = 0x0
                0x00000100                CY_FLASH_ROW_SIZE = 0x100
                0x00000020                CY_ECC_ROW_SIZE = 0x20
                0x00000000                CY_EE_IN_BTLDR = 0x0
                0x00000000                CY_APPL_LOADABLE = 0x0
                0x00000800                CY_EE_SIZE = 0x800
                0x00000001                CY_APPL_NUM = 0x1
                0x00000001                CY_APPL_MAX = 0x1
                0x00000040                CY_METADATA_SIZE = 0x40
                0x00000000                CY_APPL_LOADABLE = 0x0
                0x00000000                CY_CHECKSUM_EXCLUDE_SIZE = ALIGN (0x0, CY_FLASH_ROW_SIZE)
                0x1fff82e8                PROVIDE (__cy_heap_start, _end)
                0x00000001                PROVIDE (__cy_region_num, ((__cy_regions_end - __cy_regions) / 0x10))
                0x20008000                PROVIDE (__cy_stack, (ORIGIN (ram) + 0x10000))
                0x20007800                PROVIDE (__cy_heap_end, (__cy_stack - 0x800))

.cybootloader   0x00000000        0x0
 *(.cybootloader)
                0x00000000                appl1_start = CY_APPL_ORIGIN?CY_APPL_ORIGIN:ALIGN (CY_FLASH_ROW_SIZE)
                0x0001ff00                appl2_start = (appl1_start + ALIGN ((((0x40000 - appl1_start) - (0x2 * CY_FLASH_ROW_SIZE)) / 0x2), CY_FLASH_ROW_SIZE))
                0x00000000                appl_start = (CY_APPL_NUM == 0x1)?appl1_start:appl2_start
                0x00000000                ecc_offset = ((appl_start / CY_FLASH_ROW_SIZE) * CY_ECC_ROW_SIZE)
                0x00000000                ee_offset = (CY_APPL_LOADABLE && ! (CY_EE_IN_BTLDR))?((CY_EE_SIZE / CY_APPL_MAX) * (CY_APPL_NUM - 0x1)):0x0
                0x00000800                ee_size = (CY_APPL_LOADABLE && ! (CY_EE_IN_BTLDR))?(CY_EE_SIZE / CY_APPL_MAX):CY_EE_SIZE
                0x00000000                PROVIDE (CY_ECC_OFFSET, ecc_offset)

.text           0x00000000     0x1594
 CREATE_OBJECT_SYMBOLS
                0x00000000                PROVIDE (__cy_interrupt_vector, RomVectors)
 *(.romvectors)
 .romvectors    0x00000000       0x10 .\CortexM3\ARM_GCC_493\Debug\Cm3Start.o
                0x00000000                RomVectors
                0x00000001                ASSERT ((. != __cy_interrupt_vector), No interrupt vector)
                0x00000001                ASSERT (CY_APPL_ORIGIN?(SIZEOF (.cybootloader) <= CY_APPL_ORIGIN):0x1, Wrong image location)
                0x00000010                PROVIDE (__cy_reset, Reset)
 *(.text.Reset)
 .text.Reset    0x00000010       0x18 .\CortexM3\ARM_GCC_493\Debug\Cm3Start.o
                0x00000010                Reset
                0x00000001                ASSERT ((. != __cy_reset), No reset code)
 *(.dma_init)
                0x00000001                ASSERT ((((appl_start + .) <= 0x10000) || 0x1), DMA Init must be within the first 64k of flash)
 *(.text .text.* .gnu.linkonce.t.*)
 .text          0x00000028       0x5c c:/program files (x86)/cypress/psoc creator/4.0/psoc creator/import/gnu/arm/4.9.3/bin/../lib/gcc/arm-none-eabi/4.9.3/armv7-m/crtbegin.o
 .text.MyISR_1  0x00000084       0x14 .\CortexM3\ARM_GCC_493\Debug\main.o
                0x00000084                MyISR_1
 .text.MyISR_2  0x00000098       0x14 .\CortexM3\ARM_GCC_493\Debug\main.o
                0x00000098                MyISR_2
 .text.MyISR_3  0x000000ac       0x14 .\CortexM3\ARM_GCC_493\Debug\main.o
                0x000000ac                MyISR_3
 .text.MyISR_4  0x000000c0       0x14 .\CortexM3\ARM_GCC_493\Debug\main.o
                0x000000c0                MyISR_4
 .text.MyISR_5  0x000000d4       0x14 .\CortexM3\ARM_GCC_493\Debug\main.o
                0x000000d4                MyISR_5
 .text.MyISR_6  0x000000e8       0x14 .\CortexM3\ARM_GCC_493\Debug\main.o
                0x000000e8                MyISR_6
 .text.MyISR_7  0x000000fc       0x14 .\CortexM3\ARM_GCC_493\Debug\main.o
                0x000000fc                MyISR_7
 .text.MyISR_8  0x00000110       0x14 .\CortexM3\ARM_GCC_493\Debug\main.o
                0x00000110                MyISR_8
 .text.MyISR_9  0x00000124       0x14 .\CortexM3\ARM_GCC_493\Debug\main.o
                0x00000124                MyISR_9
 .text.MyISR_10
                0x00000138       0x14 .\CortexM3\ARM_GCC_493\Debug\main.o
                0x00000138                MyISR_10
 .text.MyISR_11
                0x0000014c       0x14 .\CortexM3\ARM_GCC_493\Debug\main.o
                0x0000014c                MyISR_11
 .text.MyISR_12
                0x00000160       0x14 .\CortexM3\ARM_GCC_493\Debug\main.o
                0x00000160                MyISR_12
 .text.MyISR_13
                0x00000174       0x14 .\CortexM3\ARM_GCC_493\Debug\main.o
                0x00000174                MyISR_13
 .text.MyUART_RX_INTERRUPT
                0x00000188       0x14 .\CortexM3\ARM_GCC_493\Debug\main.o
                0x00000188                MyUART_RX_INTERRUPT
 .text.Clear_counters
                0x0000019c       0x28 .\CortexM3\ARM_GCC_493\Debug\main.o
                0x0000019c                Clear_counters
 .text.Send_Couters
                0x000001c4       0x8c .\CortexM3\ARM_GCC_493\Debug\main.o
                0x000001c4                Send_Couters
 .text.main     0x00000250       0xcc .\CortexM3\ARM_GCC_493\Debug\main.o
                0x00000250                main
 .text.IntDefaultHandler
                0x0000031c       0x10 .\CortexM3\ARM_GCC_493\Debug\Cm3Start.o
                0x0000031c                IntDefaultHandler
 .text._sbrk    0x0000032c       0x30 .\CortexM3\ARM_GCC_493\Debug\Cm3Start.o
                0x0000032c                _sbrk
 .text.Start_c  0x0000035c       0x4c .\CortexM3\ARM_GCC_493\Debug\Cm3Start.o
                0x0000035c                Start_c
 .text.initialize_psoc
                0x000003a8       0x74 .\CortexM3\ARM_GCC_493\Debug\Cm3Start.o
                0x000003a8                initialize_psoc
 .text.CyClockStartupError
                0x0000041c        0x4 .\CortexM3\ARM_GCC_493\Debug\galton board.a(cyfitter_cfg.o)
 .text.cfg_write_bytes32
                0x00000420       0x34 .\CortexM3\ARM_GCC_493\Debug\galton board.a(cyfitter_cfg.o)
 .text.AnalogSetDefault
                0x00000454       0x28 .\CortexM3\ARM_GCC_493\Debug\galton board.a(cyfitter_cfg.o)
 .text.CYMEMZERO
                0x0000047c        0xc .\CortexM3\ARM_GCC_493\Debug\galton board.a(cyfitter_cfg.o)
 .text.ClockSetup
                0x00000488       0xc8 .\CortexM3\ARM_GCC_493\Debug\galton board.a(cyfitter_cfg.o)
 .text.CYCONFIGCPY
                0x00000550        0x8 .\CortexM3\ARM_GCC_493\Debug\galton board.a(cyfitter_cfg.o)
 .text.cyfitter_cfg
                0x00000558      0x120 .\CortexM3\ARM_GCC_493\Debug\galton board.a(cyfitter_cfg.o)
                0x00000558                cyfitter_cfg
 .text.UART_1_Enable
                0x00000678       0x38 .\CortexM3\ARM_GCC_493\Debug\galton board.a(UART_1.o)
                0x00000678                UART_1_Enable
 .text.UART_1_ReadControlRegister
                0x000006b0        0xc .\CortexM3\ARM_GCC_493\Debug\galton board.a(UART_1.o)
                0x000006b0                UART_1_ReadControlRegister
 .text.UART_1_WriteControlRegister
                0x000006bc        0xc .\CortexM3\ARM_GCC_493\Debug\galton board.a(UART_1.o)
                0x000006bc                UART_1_WriteControlRegister
 .text.UART_1_Init
                0x000006c8       0x34 .\CortexM3\ARM_GCC_493\Debug\galton board.a(UART_1.o)
                0x000006c8                UART_1_Init
 .text.UART_1_Start
                0x000006fc       0x1c .\CortexM3\ARM_GCC_493\Debug\galton board.a(UART_1.o)
                0x000006fc                UART_1_Start
 .text.UART_1_GetChar
                0x00000718       0x2c .\CortexM3\ARM_GCC_493\Debug\galton board.a(UART_1.o)
                0x00000718                UART_1_GetChar
 .text.UART_1_PutChar
                0x00000744       0x18 .\CortexM3\ARM_GCC_493\Debug\galton board.a(UART_1.o)
                0x00000744                UART_1_PutChar
 .text.UART_1_PutString
                0x0000075c       0x24 .\CortexM3\ARM_GCC_493\Debug\galton board.a(UART_1.o)
                0x0000075c                UART_1_PutString
 .text.serial_in_buff_SetVector
                0x00000780        0xc .\CortexM3\ARM_GCC_493\Debug\galton board.a(serial_in_buff.o)
                0x00000780                serial_in_buff_SetVector
 .text.serial_in_buff_SetPriority
                0x0000078c       0x10 .\CortexM3\ARM_GCC_493\Debug\galton board.a(serial_in_buff.o)
                0x0000078c                serial_in_buff_SetPriority
 .text.serial_in_buff_Enable
                0x0000079c       0x10 .\CortexM3\ARM_GCC_493\Debug\galton board.a(serial_in_buff.o)
                0x0000079c                serial_in_buff_Enable
 .text.serial_in_buff_Disable
                0x000007ac       0x10 .\CortexM3\ARM_GCC_493\Debug\galton board.a(serial_in_buff.o)
                0x000007ac                serial_in_buff_Disable
 .text.serial_in_buff_StartEx
                0x000007bc       0x1c .\CortexM3\ARM_GCC_493\Debug\galton board.a(serial_in_buff.o)
                0x000007bc                serial_in_buff_StartEx
 .text.UART_1_IntClock_Start
                0x000007d8       0x1c .\CortexM3\ARM_GCC_493\Debug\galton board.a(UART_1_IntClock.o)
                0x000007d8                UART_1_IntClock_Start
 .text.isr_1_sensor_SetVector
                0x000007f4        0xc .\CortexM3\ARM_GCC_493\Debug\galton board.a(isr_1_sensor.o)
                0x000007f4                isr_1_sensor_SetVector
 .text.isr_1_sensor_SetPriority
                0x00000800       0x10 .\CortexM3\ARM_GCC_493\Debug\galton board.a(isr_1_sensor.o)
                0x00000800                isr_1_sensor_SetPriority
 .text.isr_1_sensor_Enable
                0x00000810        0xc .\CortexM3\ARM_GCC_493\Debug\galton board.a(isr_1_sensor.o)
                0x00000810                isr_1_sensor_Enable
 .text.isr_1_sensor_Disable
                0x0000081c        0xc .\CortexM3\ARM_GCC_493\Debug\galton board.a(isr_1_sensor.o)
                0x0000081c                isr_1_sensor_Disable
 .text.isr_1_sensor_StartEx
                0x00000828       0x1c .\CortexM3\ARM_GCC_493\Debug\galton board.a(isr_1_sensor.o)
                0x00000828                isr_1_sensor_StartEx
 .text.isr_1_sensor_ClearPending
                0x00000844        0xc .\CortexM3\ARM_GCC_493\Debug\galton board.a(isr_1_sensor.o)
                0x00000844                isr_1_sensor_ClearPending
 .text.isr_2_sensor_SetVector
                0x00000850        0xc .\CortexM3\ARM_GCC_493\Debug\galton board.a(isr_2_sensor.o)
                0x00000850                isr_2_sensor_SetVector
 .text.isr_2_sensor_SetPriority
                0x0000085c       0x10 .\CortexM3\ARM_GCC_493\Debug\galton board.a(isr_2_sensor.o)
                0x0000085c                isr_2_sensor_SetPriority
 .text.isr_2_sensor_Enable
                0x0000086c        0xc .\CortexM3\ARM_GCC_493\Debug\galton board.a(isr_2_sensor.o)
                0x0000086c                isr_2_sensor_Enable
 .text.isr_2_sensor_Disable
                0x00000878        0xc .\CortexM3\ARM_GCC_493\Debug\galton board.a(isr_2_sensor.o)
                0x00000878                isr_2_sensor_Disable
 .text.isr_2_sensor_StartEx
                0x00000884       0x1c .\CortexM3\ARM_GCC_493\Debug\galton board.a(isr_2_sensor.o)
                0x00000884                isr_2_sensor_StartEx
 .text.isr_2_sensor_ClearPending
                0x000008a0        0xc .\CortexM3\ARM_GCC_493\Debug\galton board.a(isr_2_sensor.o)
                0x000008a0                isr_2_sensor_ClearPending
 .text.isr_3_sensor_SetVector
                0x000008ac        0xc .\CortexM3\ARM_GCC_493\Debug\galton board.a(isr_3_sensor.o)
                0x000008ac                isr_3_sensor_SetVector
 .text.isr_3_sensor_SetPriority
                0x000008b8       0x10 .\CortexM3\ARM_GCC_493\Debug\galton board.a(isr_3_sensor.o)
                0x000008b8                isr_3_sensor_SetPriority
 .text.isr_3_sensor_Enable
                0x000008c8        0xc .\CortexM3\ARM_GCC_493\Debug\galton board.a(isr_3_sensor.o)
                0x000008c8                isr_3_sensor_Enable
 .text.isr_3_sensor_Disable
                0x000008d4        0xc .\CortexM3\ARM_GCC_493\Debug\galton board.a(isr_3_sensor.o)
                0x000008d4                isr_3_sensor_Disable
 .text.isr_3_sensor_StartEx
                0x000008e0       0x1c .\CortexM3\ARM_GCC_493\Debug\galton board.a(isr_3_sensor.o)
                0x000008e0                isr_3_sensor_StartEx
 .text.isr_3_sensor_ClearPending
                0x000008fc        0xc .\CortexM3\ARM_GCC_493\Debug\galton board.a(isr_3_sensor.o)
                0x000008fc                isr_3_sensor_ClearPending
 .text.isr_5_sensor_SetVector
                0x00000908        0xc .\CortexM3\ARM_GCC_493\Debug\galton board.a(isr_5_sensor.o)
                0x00000908                isr_5_sensor_SetVector
 .text.isr_5_sensor_SetPriority
                0x00000914       0x10 .\CortexM3\ARM_GCC_493\Debug\galton board.a(isr_5_sensor.o)
                0x00000914                isr_5_sensor_SetPriority
 .text.isr_5_sensor_Enable
                0x00000924       0x10 .\CortexM3\ARM_GCC_493\Debug\galton board.a(isr_5_sensor.o)
                0x00000924                isr_5_sensor_Enable
 .text.isr_5_sensor_Disable
                0x00000934       0x10 .\CortexM3\ARM_GCC_493\Debug\galton board.a(isr_5_sensor.o)
                0x00000934                isr_5_sensor_Disable
 .text.isr_5_sensor_StartEx
                0x00000944       0x1c .\CortexM3\ARM_GCC_493\Debug\galton board.a(isr_5_sensor.o)
                0x00000944                isr_5_sensor_StartEx
 .text.isr_5_sensor_ClearPending
                0x00000960       0x10 .\CortexM3\ARM_GCC_493\Debug\galton board.a(isr_5_sensor.o)
                0x00000960                isr_5_sensor_ClearPending
 .text.isr_4_sensor_SetVector
                0x00000970        0xc .\CortexM3\ARM_GCC_493\Debug\galton board.a(isr_4_sensor.o)
                0x00000970                isr_4_sensor_SetVector
 .text.isr_4_sensor_SetPriority
                0x0000097c       0x10 .\CortexM3\ARM_GCC_493\Debug\galton board.a(isr_4_sensor.o)
                0x0000097c                isr_4_sensor_SetPriority
 .text.isr_4_sensor_Enable
                0x0000098c        0xc .\CortexM3\ARM_GCC_493\Debug\galton board.a(isr_4_sensor.o)
                0x0000098c                isr_4_sensor_Enable
 .text.isr_4_sensor_Disable
                0x00000998        0xc .\CortexM3\ARM_GCC_493\Debug\galton board.a(isr_4_sensor.o)
                0x00000998                isr_4_sensor_Disable
 .text.isr_4_sensor_StartEx
                0x000009a4       0x1c .\CortexM3\ARM_GCC_493\Debug\galton board.a(isr_4_sensor.o)
                0x000009a4                isr_4_sensor_StartEx
 .text.isr_4_sensor_ClearPending
                0x000009c0        0xc .\CortexM3\ARM_GCC_493\Debug\galton board.a(isr_4_sensor.o)
                0x000009c0                isr_4_sensor_ClearPending
 .text.isr_6_sensor_SetVector
                0x000009cc        0xc .\CortexM3\ARM_GCC_493\Debug\galton board.a(isr_6_sensor.o)
                0x000009cc                isr_6_sensor_SetVector
 .text.isr_6_sensor_SetPriority
                0x000009d8       0x10 .\CortexM3\ARM_GCC_493\Debug\galton board.a(isr_6_sensor.o)
                0x000009d8                isr_6_sensor_SetPriority
 .text.isr_6_sensor_Enable
                0x000009e8       0x10 .\CortexM3\ARM_GCC_493\Debug\galton board.a(isr_6_sensor.o)
                0x000009e8                isr_6_sensor_Enable
 .text.isr_6_sensor_Disable
                0x000009f8       0x10 .\CortexM3\ARM_GCC_493\Debug\galton board.a(isr_6_sensor.o)
                0x000009f8                isr_6_sensor_Disable
 .text.isr_6_sensor_StartEx
                0x00000a08       0x1c .\CortexM3\ARM_GCC_493\Debug\galton board.a(isr_6_sensor.o)
                0x00000a08                isr_6_sensor_StartEx
 .text.isr_6_sensor_ClearPending
                0x00000a24       0x10 .\CortexM3\ARM_GCC_493\Debug\galton board.a(isr_6_sensor.o)
                0x00000a24                isr_6_sensor_ClearPending
 .text.isr_7_sensor_SetVector
                0x00000a34        0xc .\CortexM3\ARM_GCC_493\Debug\galton board.a(isr_7_sensor.o)
                0x00000a34                isr_7_sensor_SetVector
 .text.isr_7_sensor_SetPriority
                0x00000a40       0x10 .\CortexM3\ARM_GCC_493\Debug\galton board.a(isr_7_sensor.o)
                0x00000a40                isr_7_sensor_SetPriority
 .text.isr_7_sensor_Enable
                0x00000a50       0x10 .\CortexM3\ARM_GCC_493\Debug\galton board.a(isr_7_sensor.o)
                0x00000a50                isr_7_sensor_Enable
 .text.isr_7_sensor_Disable
                0x00000a60       0x10 .\CortexM3\ARM_GCC_493\Debug\galton board.a(isr_7_sensor.o)
                0x00000a60                isr_7_sensor_Disable
 .text.isr_7_sensor_StartEx
                0x00000a70       0x1c .\CortexM3\ARM_GCC_493\Debug\galton board.a(isr_7_sensor.o)
                0x00000a70                isr_7_sensor_StartEx
 .text.isr_7_sensor_ClearPending
                0x00000a8c       0x10 .\CortexM3\ARM_GCC_493\Debug\galton board.a(isr_7_sensor.o)
                0x00000a8c                isr_7_sensor_ClearPending
 .text.isr_8_sensor_SetVector
                0x00000a9c        0xc .\CortexM3\ARM_GCC_493\Debug\galton board.a(isr_8_sensor.o)
                0x00000a9c                isr_8_sensor_SetVector
 .text.isr_8_sensor_SetPriority
                0x00000aa8       0x10 .\CortexM3\ARM_GCC_493\Debug\galton board.a(isr_8_sensor.o)
                0x00000aa8                isr_8_sensor_SetPriority
 .text.isr_8_sensor_Enable
                0x00000ab8       0x10 .\CortexM3\ARM_GCC_493\Debug\galton board.a(isr_8_sensor.o)
                0x00000ab8                isr_8_sensor_Enable
 .text.isr_8_sensor_Disable
                0x00000ac8       0x10 .\CortexM3\ARM_GCC_493\Debug\galton board.a(isr_8_sensor.o)
                0x00000ac8                isr_8_sensor_Disable
 .text.isr_8_sensor_StartEx
                0x00000ad8       0x1c .\CortexM3\ARM_GCC_493\Debug\galton board.a(isr_8_sensor.o)
                0x00000ad8                isr_8_sensor_StartEx
 .text.isr_8_sensor_ClearPending
                0x00000af4       0x10 .\CortexM3\ARM_GCC_493\Debug\galton board.a(isr_8_sensor.o)
                0x00000af4                isr_8_sensor_ClearPending
 .text.isr_9_sensor_SetVector
                0x00000b04        0xc .\CortexM3\ARM_GCC_493\Debug\galton board.a(isr_9_sensor.o)
                0x00000b04                isr_9_sensor_SetVector
 .text.isr_9_sensor_SetPriority
                0x00000b10       0x10 .\CortexM3\ARM_GCC_493\Debug\galton board.a(isr_9_sensor.o)
                0x00000b10                isr_9_sensor_SetPriority
 .text.isr_9_sensor_Enable
                0x00000b20       0x10 .\CortexM3\ARM_GCC_493\Debug\galton board.a(isr_9_sensor.o)
                0x00000b20                isr_9_sensor_Enable
 .text.isr_9_sensor_Disable
                0x00000b30       0x10 .\CortexM3\ARM_GCC_493\Debug\galton board.a(isr_9_sensor.o)
                0x00000b30                isr_9_sensor_Disable
 .text.isr_9_sensor_StartEx
                0x00000b40       0x1c .\CortexM3\ARM_GCC_493\Debug\galton board.a(isr_9_sensor.o)
                0x00000b40                isr_9_sensor_StartEx
 .text.isr_9_sensor_ClearPending
                0x00000b5c       0x10 .\CortexM3\ARM_GCC_493\Debug\galton board.a(isr_9_sensor.o)
                0x00000b5c                isr_9_sensor_ClearPending
 .text.isr_10_sensor_SetVector
                0x00000b6c        0xc .\CortexM3\ARM_GCC_493\Debug\galton board.a(isr_10_sensor.o)
                0x00000b6c                isr_10_sensor_SetVector
 .text.isr_10_sensor_SetPriority
                0x00000b78       0x10 .\CortexM3\ARM_GCC_493\Debug\galton board.a(isr_10_sensor.o)
                0x00000b78                isr_10_sensor_SetPriority
 .text.isr_10_sensor_Enable
                0x00000b88        0xc .\CortexM3\ARM_GCC_493\Debug\galton board.a(isr_10_sensor.o)
                0x00000b88                isr_10_sensor_Enable
 .text.isr_10_sensor_Disable
                0x00000b94        0xc .\CortexM3\ARM_GCC_493\Debug\galton board.a(isr_10_sensor.o)
                0x00000b94                isr_10_sensor_Disable
 .text.isr_10_sensor_StartEx
                0x00000ba0       0x1c .\CortexM3\ARM_GCC_493\Debug\galton board.a(isr_10_sensor.o)
                0x00000ba0                isr_10_sensor_StartEx
 .text.isr_10_sensor_ClearPending
                0x00000bbc        0xc .\CortexM3\ARM_GCC_493\Debug\galton board.a(isr_10_sensor.o)
                0x00000bbc                isr_10_sensor_ClearPending
 .text.isr_11_sensor_SetVector
                0x00000bc8        0xc .\CortexM3\ARM_GCC_493\Debug\galton board.a(isr_11_sensor.o)
                0x00000bc8                isr_11_sensor_SetVector
 .text.isr_11_sensor_SetPriority
                0x00000bd4       0x10 .\CortexM3\ARM_GCC_493\Debug\galton board.a(isr_11_sensor.o)
                0x00000bd4                isr_11_sensor_SetPriority
 .text.isr_11_sensor_Enable
                0x00000be4        0xc .\CortexM3\ARM_GCC_493\Debug\galton board.a(isr_11_sensor.o)
                0x00000be4                isr_11_sensor_Enable
 .text.isr_11_sensor_Disable
                0x00000bf0        0xc .\CortexM3\ARM_GCC_493\Debug\galton board.a(isr_11_sensor.o)
                0x00000bf0                isr_11_sensor_Disable
 .text.isr_11_sensor_StartEx
                0x00000bfc       0x1c .\CortexM3\ARM_GCC_493\Debug\galton board.a(isr_11_sensor.o)
                0x00000bfc                isr_11_sensor_StartEx
 .text.isr_11_sensor_ClearPending
                0x00000c18        0xc .\CortexM3\ARM_GCC_493\Debug\galton board.a(isr_11_sensor.o)
                0x00000c18                isr_11_sensor_ClearPending
 .text.isr_12_sensor_SetVector
                0x00000c24        0xc .\CortexM3\ARM_GCC_493\Debug\galton board.a(isr_12_sensor.o)
                0x00000c24                isr_12_sensor_SetVector
 .text.isr_12_sensor_SetPriority
                0x00000c30       0x10 .\CortexM3\ARM_GCC_493\Debug\galton board.a(isr_12_sensor.o)
                0x00000c30                isr_12_sensor_SetPriority
 .text.isr_12_sensor_Enable
                0x00000c40        0xc .\CortexM3\ARM_GCC_493\Debug\galton board.a(isr_12_sensor.o)
                0x00000c40                isr_12_sensor_Enable
 .text.isr_12_sensor_Disable
                0x00000c4c        0xc .\CortexM3\ARM_GCC_493\Debug\galton board.a(isr_12_sensor.o)
                0x00000c4c                isr_12_sensor_Disable
 .text.isr_12_sensor_StartEx
                0x00000c58       0x1c .\CortexM3\ARM_GCC_493\Debug\galton board.a(isr_12_sensor.o)
                0x00000c58                isr_12_sensor_StartEx
 .text.isr_12_sensor_ClearPending
                0x00000c74        0xc .\CortexM3\ARM_GCC_493\Debug\galton board.a(isr_12_sensor.o)
                0x00000c74                isr_12_sensor_ClearPending
 .text.isr_13_sensor_SetVector
                0x00000c80        0xc .\CortexM3\ARM_GCC_493\Debug\galton board.a(isr_13_sensor.o)
                0x00000c80                isr_13_sensor_SetVector
 .text.isr_13_sensor_SetPriority
                0x00000c8c       0x10 .\CortexM3\ARM_GCC_493\Debug\galton board.a(isr_13_sensor.o)
                0x00000c8c                isr_13_sensor_SetPriority
 .text.isr_13_sensor_Enable
                0x00000c9c        0xc .\CortexM3\ARM_GCC_493\Debug\galton board.a(isr_13_sensor.o)
                0x00000c9c                isr_13_sensor_Enable
 .text.isr_13_sensor_Disable
                0x00000ca8        0xc .\CortexM3\ARM_GCC_493\Debug\galton board.a(isr_13_sensor.o)
                0x00000ca8                isr_13_sensor_Disable
 .text.isr_13_sensor_StartEx
                0x00000cb4       0x1c .\CortexM3\ARM_GCC_493\Debug\galton board.a(isr_13_sensor.o)
                0x00000cb4                isr_13_sensor_StartEx
 .text.isr_13_sensor_ClearPending
                0x00000cd0        0xc .\CortexM3\ARM_GCC_493\Debug\galton board.a(isr_13_sensor.o)
                0x00000cd0                isr_13_sensor_ClearPending
 *fill*         0x00000cdc        0x4 
 .text          0x00000ce0       0x20 .\CortexM3\ARM_GCC_493\Debug\galton board.a(CyBootAsmGnu.o)
                0x00000ce0                CyDelayCycles
                0x00000cf0                CyEnterCriticalSection
                0x00000cf8                CyExitCriticalSection
 .text.__errno  0x00000d00        0xc c:/program files (x86)/cypress/psoc creator/4.0/psoc creator/import/gnu/arm/4.9.3/bin/../lib/gcc/arm-none-eabi/4.9.3/../../../../arm-none-eabi/lib/armv7-m\libg_nano.a(lib_a-errno.o)
                0x00000d00                __errno
 .text.__libc_init_array
                0x00000d0c       0x4c c:/program files (x86)/cypress/psoc creator/4.0/psoc creator/import/gnu/arm/4.9.3/bin/../lib/gcc/arm-none-eabi/4.9.3/../../../../arm-none-eabi/lib/armv7-m\libg_nano.a(lib_a-init.o)
                0x00000d0c                __libc_init_array
 .text.memcpy   0x00000d58       0x16 c:/program files (x86)/cypress/psoc creator/4.0/psoc creator/import/gnu/arm/4.9.3/bin/../lib/gcc/arm-none-eabi/4.9.3/../../../../arm-none-eabi/lib/armv7-m\libg_nano.a(lib_a-memcpy.o)
                0x00000d58                memcpy
 .text.memset   0x00000d6e       0x10 c:/program files (x86)/cypress/psoc creator/4.0/psoc creator/import/gnu/arm/4.9.3/bin/../lib/gcc/arm-none-eabi/4.9.3/../../../../arm-none-eabi/lib/armv7-m\libg_nano.a(lib_a-memset.o)
                0x00000d6e                memset
 *fill*         0x00000d7e        0x2 
 .text.sprintf  0x00000d80       0x48 c:/program files (x86)/cypress/psoc creator/4.0/psoc creator/import/gnu/arm/4.9.3/bin/../lib/gcc/arm-none-eabi/4.9.3/../../../../arm-none-eabi/lib/armv7-m\libg_nano.a(lib_a-sprintf.o)
                0x00000d80                siprintf
                0x00000d80                sprintf
 .text.__ssputs_r
                0x00000dc8       0xb2 c:/program files (x86)/cypress/psoc creator/4.0/psoc creator/import/gnu/arm/4.9.3/bin/../lib/gcc/arm-none-eabi/4.9.3/../../../../arm-none-eabi/lib/armv7-m\libg_nano.a(lib_a-nano-svfprintf.o)
                0x00000dc8                __ssputs_r
 *fill*         0x00000e7a        0x2 
 .text._svfprintf_r
                0x00000e7c      0x1e4 c:/program files (x86)/cypress/psoc creator/4.0/psoc creator/import/gnu/arm/4.9.3/bin/../lib/gcc/arm-none-eabi/4.9.3/../../../../arm-none-eabi/lib/armv7-m\libg_nano.a(lib_a-nano-svfprintf.o)
                0x00000e7c                _svfiprintf_r
                0x00000e7c                _svfprintf_r
 .text._printf_common
                0x00001060       0xea c:/program files (x86)/cypress/psoc creator/4.0/psoc creator/import/gnu/arm/4.9.3/bin/../lib/gcc/arm-none-eabi/4.9.3/../../../../arm-none-eabi/lib/armv7-m\libg_nano.a(lib_a-nano-vfprintf_i.o)
                0x00001060                _printf_common
 *fill*         0x0000114a        0x2 
 .text._printf_i
                0x0000114c      0x240 c:/program files (x86)/cypress/psoc creator/4.0/psoc creator/import/gnu/arm/4.9.3/bin/../lib/gcc/arm-none-eabi/4.9.3/../../../../arm-none-eabi/lib/armv7-m\libg_nano.a(lib_a-nano-vfprintf_i.o)
                0x0000114c                _printf_i
 .text.memchr   0x0000138c       0x1c c:/program files (x86)/cypress/psoc creator/4.0/psoc creator/import/gnu/arm/4.9.3/bin/../lib/gcc/arm-none-eabi/4.9.3/../../../../arm-none-eabi/lib/armv7-m\libg_nano.a(lib_a-memchr.o)
                0x0000138c                memchr
 .text.memmove  0x000013a8       0x36 c:/program files (x86)/cypress/psoc creator/4.0/psoc creator/import/gnu/arm/4.9.3/bin/../lib/gcc/arm-none-eabi/4.9.3/../../../../arm-none-eabi/lib/armv7-m\libg_nano.a(lib_a-memmove.o)
                0x000013a8                memmove
 *fill*         0x000013de        0x2 
 .text._free_r  0x000013e0       0x88 c:/program files (x86)/cypress/psoc creator/4.0/psoc creator/import/gnu/arm/4.9.3/bin/../lib/gcc/arm-none-eabi/4.9.3/../../../../arm-none-eabi/lib/armv7-m\libg_nano.a(lib_a-nano-freer.o)
                0x000013e0                _free_r
 .text._malloc_r
                0x00001468       0xac c:/program files (x86)/cypress/psoc creator/4.0/psoc creator/import/gnu/arm/4.9.3/bin/../lib/gcc/arm-none-eabi/4.9.3/../../../../arm-none-eabi/lib/armv7-m\libg_nano.a(lib_a-nano-mallocr.o)
                0x00001468                _malloc_r
 .text._realloc_r
                0x00001514       0x4c c:/program files (x86)/cypress/psoc creator/4.0/psoc creator/import/gnu/arm/4.9.3/bin/../lib/gcc/arm-none-eabi/4.9.3/../../../../arm-none-eabi/lib/armv7-m\libg_nano.a(lib_a-nano-reallocr.o)
                0x00001514                _realloc_r
 .text._sbrk_r  0x00001560       0x20 c:/program files (x86)/cypress/psoc creator/4.0/psoc creator/import/gnu/arm/4.9.3/bin/../lib/gcc/arm-none-eabi/4.9.3/../../../../arm-none-eabi/lib/armv7-m\libg_nano.a(lib_a-sbrkr.o)
                0x00001560                _sbrk_r
 .text._malloc_usable_size_r
                0x00001580       0x14 c:/program files (x86)/cypress/psoc creator/4.0/psoc creator/import/gnu/arm/4.9.3/bin/../lib/gcc/arm-none-eabi/4.9.3/../../../../arm-none-eabi/lib/armv7-m\libg_nano.a(lib_a-nano-msizer.o)
                0x00001580                _malloc_usable_size_r
 *(.plt)
 *(.gnu.warning)
 *(.glue_7t)
 .glue_7t       0x00000000        0x0 linker stubs
 *(.glue_7)
 .glue_7        0x00000000        0x0 linker stubs
 *(.vfp11_veneer)
 .vfp11_veneer  0x00000000        0x0 linker stubs
 *(.bootloader)
 *(.ARM.extab* .gnu.linkonce.armextab.*)
 *(.gcc_except_table)

.v4_bx          0x00001594        0x0
 .v4_bx         0x00000000        0x0 linker stubs

.iplt           0x00001594        0x0
 .iplt          0x00000000        0x0 c:/program files (x86)/cypress/psoc creator/4.0/psoc creator/import/gnu/arm/4.9.3/bin/../lib/gcc/arm-none-eabi/4.9.3/armv7-m/crtbegin.o

.eh_frame_hdr
 *(.eh_frame_hdr)

.eh_frame       0x00001594        0x4
 *(.eh_frame)
 .eh_frame      0x00001594        0x0 c:/program files (x86)/cypress/psoc creator/4.0/psoc creator/import/gnu/arm/4.9.3/bin/../lib/gcc/arm-none-eabi/4.9.3/armv7-m/crtbegin.o
 .eh_frame      0x00001594        0x4 c:/program files (x86)/cypress/psoc creator/4.0/psoc creator/import/gnu/arm/4.9.3/bin/../lib/gcc/arm-none-eabi/4.9.3/armv7-m/crtend.o
                0x00001598                PROVIDE (__exidx_start, .)

.ARM.exidx
 *(.ARM.exidx* .gnu.linkonce.armexidx.*)
                0x00001598                __exidx_end = .

.rodata         0x00001598       0xf0
 *(.rodata .rodata.* .gnu.linkonce.r.*)
 .rodata.str1.4
                0x00001598       0x48 .\CortexM3\ARM_GCC_493\Debug\main.o
 .rodata        0x000015e0       0x38 .\CortexM3\ARM_GCC_493\Debug\galton board.a(cyfitter_cfg.o)
 .rodata.str1.1
                0x00001618        0x2 c:/program files (x86)/cypress/psoc creator/4.0/psoc creator/import/gnu/arm/4.9.3/bin/../lib/gcc/arm-none-eabi/4.9.3/../../../../arm-none-eabi/lib/armv7-m\libg_nano.a(lib_a-impure.o)
 .rodata.str1.1
                0x0000161a       0x11 c:/program files (x86)/cypress/psoc creator/4.0/psoc creator/import/gnu/arm/4.9.3/bin/../lib/gcc/arm-none-eabi/4.9.3/../../../../arm-none-eabi/lib/armv7-m\libg_nano.a(lib_a-nano-svfprintf.o)
 .rodata.str1.1
                0x0000162b       0x22 c:/program files (x86)/cypress/psoc creator/4.0/psoc creator/import/gnu/arm/4.9.3/bin/../lib/gcc/arm-none-eabi/4.9.3/../../../../arm-none-eabi/lib/armv7-m\libg_nano.a(lib_a-nano-vfprintf_i.o)
                0x00001650                . = ALIGN (0x4)
 *fill*         0x0000164d        0x3 
 *(.init)
 .init          0x00001650        0x4 c:/program files (x86)/cypress/psoc creator/4.0/psoc creator/import/gnu/arm/4.9.3/bin/../lib/gcc/arm-none-eabi/4.9.3/armv7-m/crti.o
                0x00001650                _init
 .init          0x00001654        0x8 c:/program files (x86)/cypress/psoc creator/4.0/psoc creator/import/gnu/arm/4.9.3/bin/../lib/gcc/arm-none-eabi/4.9.3/armv7-m/crtn.o
                0x0000165c                . = ALIGN (0x4)
                0x0000165c                __preinit_array_start = .
 *(.preinit_array)
                0x0000165c                __preinit_array_end = .
                0x0000165c                . = ALIGN (0x4)
                0x0000165c                __init_array_start = .
 *(SORT(.init_array.*))
 *(.init_array)
 .init_array    0x0000165c        0x4 c:/program files (x86)/cypress/psoc creator/4.0/psoc creator/import/gnu/arm/4.9.3/bin/../lib/gcc/arm-none-eabi/4.9.3/armv7-m/crtbegin.o
 .init_array    0x00001660        0x4 .\CortexM3\ARM_GCC_493\Debug\Cm3Start.o
                0x00001664                __init_array_end = .
                0x00001664                . = ALIGN (0x4)
 *(.fini)
 .fini          0x00001664        0x4 c:/program files (x86)/cypress/psoc creator/4.0/psoc creator/import/gnu/arm/4.9.3/bin/../lib/gcc/arm-none-eabi/4.9.3/armv7-m/crti.o
                0x00001664                _fini
 .fini          0x00001668        0x8 c:/program files (x86)/cypress/psoc creator/4.0/psoc creator/import/gnu/arm/4.9.3/bin/../lib/gcc/arm-none-eabi/4.9.3/armv7-m/crtn.o
                0x00001670                . = ALIGN (0x4)
                0x00001670                __fini_array_start = .
 *(.fini_array)
 .fini_array    0x00001670        0x4 c:/program files (x86)/cypress/psoc creator/4.0/psoc creator/import/gnu/arm/4.9.3/bin/../lib/gcc/arm-none-eabi/4.9.3/armv7-m/crtbegin.o
 *(SORT(.fini_array.*))
                0x00001674                __fini_array_end = .
                0x00001674                . = ALIGN (0x4)
 *crtbegin.o(.ctors)
 *(EXCLUDE_FILE(*crtend.o) .ctors)
 *(SORT(.ctors.*))
 *crtend.o(.ctors)
                0x00001674                . = ALIGN (0x4)
 *crtbegin.o(.dtors)
 *(EXCLUDE_FILE(*crtend.o) .dtors)
 *(SORT(.dtors.*))
 *crtend.o(.dtors)
                0x00001674                . = ALIGN (0x4)
                0x00001674                __cy_regions = .
                0x00001674        0x4 LONG 0x1688 __cy_region_init_ram
                0x00001678        0x4 LONG 0x1fff8108 __cy_region_start_data
                0x0000167c        0x4 LONG 0x70 __cy_region_init_size_ram
                0x00001680        0x4 LONG 0x170 __cy_region_zero_size_ram
                0x00001684                __cy_regions_end = .
                0x00001688                . = ALIGN (0x8)
 *fill*         0x00001684        0x4 
                0x00001688                _etext = .

.cy_checksum_exclude
                0x00001688        0x0
 *(.cy_checksum_exclude)

.ramvectors     0x1fff8000      0x100
                0x1fff8000                __cy_region_start_ram = .
 *(.ramvectors)
 .ramvectors    0x1fff8000      0x100 .\CortexM3\ARM_GCC_493\Debug\Cm3Start.o
                0x1fff8000                CyRamVectors

.noinit         0x1fff8100        0x5
 *(.noinit)
 .noinit        0x1fff8100        0x4 .\CortexM3\ARM_GCC_493\Debug\Cm3Start.o
 .noinit        0x1fff8104        0x1 .\CortexM3\ARM_GCC_493\Debug\galton board.a(CyLib.o)
                0x1fff8104                CyResetStatus

.data           0x1fff8108       0x70 load address 0x00001688
                0x1fff8108                __cy_region_start_data = .
 *(.jcr)
 .jcr           0x1fff8108        0x0 c:/program files (x86)/cypress/psoc creator/4.0/psoc creator/import/gnu/arm/4.9.3/bin/../lib/gcc/arm-none-eabi/4.9.3/armv7-m/crtbegin.o
 .jcr           0x1fff8108        0x4 c:/program files (x86)/cypress/psoc creator/4.0/psoc creator/import/gnu/arm/4.9.3/bin/../lib/gcc/arm-none-eabi/4.9.3/armv7-m/crtend.o
 *(.got.plt)
 *(.got)
 *(.shdata)
 *(.data .data.* .gnu.linkonce.d.*)
 .data          0x1fff810c        0x4 .\CortexM3\ARM_GCC_493\Debug\Cm3Start.o
 .data.impure_data
                0x1fff8110       0x60 c:/program files (x86)/cypress/psoc creator/4.0/psoc creator/import/gnu/arm/4.9.3/bin/../lib/gcc/arm-none-eabi/4.9.3/../../../../arm-none-eabi/lib/armv7-m\libg_nano.a(lib_a-impure.o)
 .data._impure_ptr
                0x1fff8170        0x4 c:/program files (x86)/cypress/psoc creator/4.0/psoc creator/import/gnu/arm/4.9.3/bin/../lib/gcc/arm-none-eabi/4.9.3/../../../../arm-none-eabi/lib/armv7-m\libg_nano.a(lib_a-impure.o)
                0x1fff8170                _impure_ptr
                0x1fff8178                . = ALIGN (0x8)
 *fill*         0x1fff8174        0x4 
 *(.ram)
                0x1fff8178                _edata = .

.igot.plt       0x1fff8178        0x0 load address 0x000016f8
 .igot.plt      0x00000000        0x0 c:/program files (x86)/cypress/psoc creator/4.0/psoc creator/import/gnu/arm/4.9.3/bin/../lib/gcc/arm-none-eabi/4.9.3/armv7-m/crtbegin.o

.bss            0x1fff8178      0x170 load address 0x000016f8
                0x1fff8178                PROVIDE (__bss_start__, .)
 *(.shbss)
 *(.bss .bss.* .gnu.linkonce.b.*)
 .bss           0x1fff8178       0x1c c:/program files (x86)/cypress/psoc creator/4.0/psoc creator/import/gnu/arm/4.9.3/bin/../lib/gcc/arm-none-eabi/4.9.3/armv7-m/crtbegin.o
 .bss           0x1fff8194      0x140 .\CortexM3\ARM_GCC_493\Debug\main.o
                0x1fff8194                count1
                0x1fff8198                count2
                0x1fff819c                count3
                0x1fff81a0                count4
                0x1fff81a4                count5
                0x1fff81a8                count6
                0x1fff81ac                count7
                0x1fff81b0                count8
                0x1fff81b4                count9
                0x1fff81b8                count10
                0x1fff81bc                count11
                0x1fff81c0                count12
                0x1fff81c4                count13
                0x1fff81c8                datain
                0x1fff81cc                rx_flag
                0x1fff81d0                total
                0x1fff81d4                TransmitBuffer
 .bss           0x1fff82d4        0x2 .\CortexM3\ARM_GCC_493\Debug\galton board.a(UART_1.o)
                0x1fff82d4                UART_1_initVar
 *fill*         0x1fff82d6        0x2 
 .bss.__malloc_sbrk_start
                0x1fff82d8        0x4 c:/program files (x86)/cypress/psoc creator/4.0/psoc creator/import/gnu/arm/4.9.3/bin/../lib/gcc/arm-none-eabi/4.9.3/../../../../arm-none-eabi/lib/armv7-m\libg_nano.a(lib_a-nano-mallocr.o)
                0x1fff82d8                __malloc_sbrk_start
 .bss.__malloc_free_list
                0x1fff82dc        0x4 c:/program files (x86)/cypress/psoc creator/4.0/psoc creator/import/gnu/arm/4.9.3/bin/../lib/gcc/arm-none-eabi/4.9.3/../../../../arm-none-eabi/lib/armv7-m\libg_nano.a(lib_a-nano-mallocr.o)
                0x1fff82dc                __malloc_free_list
 *(COMMON)
 COMMON         0x1fff82e0        0x4 c:/program files (x86)/cypress/psoc creator/4.0/psoc creator/import/gnu/arm/4.9.3/bin/../lib/gcc/arm-none-eabi/4.9.3/../../../../arm-none-eabi/lib/armv7-m\libg_nano.a(lib_a-reent.o)
                0x1fff82e0                errno
                0x1fff82e8                . = ALIGN (0x8)
 *fill*         0x1fff82e4        0x4 
 *(.ram.b)
                0x1fff82e8                _end = .
                0x1fff82e8                __end = .
                0x1fff82e8                PROVIDE (end, .)
                0x1fff82e8                PROVIDE (__bss_end__, .)
                0x00001688                __cy_region_init_ram = LOADADDR (.data)
                0x00000070                __cy_region_init_size_ram = (_edata - ADDR (.data))
                0x00000170                __cy_region_zero_size_ram = (_end - _edata)

.heap           0x1fff82e8       0x80 load address 0x000016f8
                0x1fff82e8                . = _end
                0x1fff8368                . = (. + 0x80)
 *fill*         0x1fff82e8       0x80 
                0x1fff8368                __cy_heap_limit = .

.stack          0x20007800      0x800
                0x20007800                __cy_stack_limit = .
                0x20008000                . = (. + 0x800)
 *fill*         0x20007800      0x800 
                0x00000001                ASSERT ((__cy_stack_limit >= __cy_heap_limit), region RAM overflowed with stack)
                0x00000000                cy_checksum_exclude_size = (CY_APPL_LOADABLE == 0x1)?SIZEOF (.cy_checksum_exclude):0x0
                0x00000001                ASSERT ((cy_checksum_exclude_size <= CY_CHECKSUM_EXCLUDE_SIZE), CY_BOOT: Section .cy_checksum_exclude size exceedes specified limit.)

.cyloadermeta
 *(.cyloadermeta)

.cyloadablemeta
 *(.cyloadablemeta)

.cyconfigecc    0x80000000      0x790
 *(.cyconfigecc)
 .cyconfigecc   0x80000000      0x790 .\CortexM3\ARM_GCC_493\Debug\cymetadata.o
                0x80000000                cy_meta_configecc

.cycustnvl      0x90000000        0x4
 *(.cycustnvl)
 .cycustnvl     0x90000000        0x4 .\CortexM3\ARM_GCC_493\Debug\cymetadata.o
                0x90000000                cy_meta_custnvl

.cywolatch      0x90100000        0x4
 *(.cywolatch)
 .cywolatch     0x90100000        0x4 .\CortexM3\ARM_GCC_493\Debug\cymetadata.o
                0x90100000                cy_meta_wonvl

.cyeeprom       0x90200000        0x0
 *(.cyeeprom)
                0x00000001                ASSERT ((. <= ((0x90200000 + ee_offset) + ee_size)), .cyeeprom data will not fit in EEPROM)

.cyflashprotect
                0x90400000      0x100
 *(.cyflashprotect)
 .cyflashprotect
                0x90400000      0x100 .\CortexM3\ARM_GCC_493\Debug\cymetadata.o
                0x90400000                cy_meta_flashprotect

.cymeta         0x90500000        0xc
 *(.cymeta)
 .cymeta        0x90500000        0xc .\CortexM3\ARM_GCC_493\Debug\cymetadata.o
                0x90500000                cy_metadata

.rel.dyn        0x000016f8        0x0 load address 0x9050000c
 .rel.iplt      0x00000000        0x0 c:/program files (x86)/cypress/psoc creator/4.0/psoc creator/import/gnu/arm/4.9.3/bin/../lib/gcc/arm-none-eabi/4.9.3/armv7-m/crtbegin.o

.stab
 *(.stab)

.stabstr
 *(.stabstr)

.debug
 *(.debug)

.line
 *(.line)

.debug_srcinfo
 *(.debug_srcinfo)

.debug_sfnames
 *(.debug_sfnames)

.debug_aranges  0x00000000      0xe08
 *(.debug_aranges)
 .debug_aranges
                0x00000000       0xa0 .\CortexM3\ARM_GCC_493\Debug\main.o
 .debug_aranges
                0x000000a0       0x18 .\CortexM3\ARM_GCC_493\Debug\cymetadata.o
 .debug_aranges
                0x000000b8       0x48 .\CortexM3\ARM_GCC_493\Debug\Cm3Start.o
 .debug_aranges
                0x00000100       0x58 .\CortexM3\ARM_GCC_493\Debug\galton board.a(cyfitter_cfg.o)
 .debug_aranges
                0x00000158      0x2a0 .\CortexM3\ARM_GCC_493\Debug\galton board.a(CyLib.o)
 .debug_aranges
                0x000003f8       0x98 .\CortexM3\ARM_GCC_493\Debug\galton board.a(cyPm.o)
 .debug_aranges
                0x00000490       0xf0 .\CortexM3\ARM_GCC_493\Debug\galton board.a(UART_1.o)
 .debug_aranges
                0x00000580       0x80 .\CortexM3\ARM_GCC_493\Debug\galton board.a(serial_in_buff.o)
 .debug_aranges
                0x00000600       0x70 .\CortexM3\ARM_GCC_493\Debug\galton board.a(UART_1_IntClock.o)
 .debug_aranges
                0x00000670       0x80 .\CortexM3\ARM_GCC_493\Debug\galton board.a(isr_1_sensor.o)
 .debug_aranges
                0x000006f0       0x80 .\CortexM3\ARM_GCC_493\Debug\galton board.a(isr_2_sensor.o)
 .debug_aranges
                0x00000770       0x80 .\CortexM3\ARM_GCC_493\Debug\galton board.a(isr_3_sensor.o)
 .debug_aranges
                0x000007f0       0x80 .\CortexM3\ARM_GCC_493\Debug\galton board.a(isr_5_sensor.o)
 .debug_aranges
                0x00000870       0x80 .\CortexM3\ARM_GCC_493\Debug\galton board.a(isr_4_sensor.o)
 .debug_aranges
                0x000008f0       0x80 .\CortexM3\ARM_GCC_493\Debug\galton board.a(isr_6_sensor.o)
 .debug_aranges
                0x00000970       0x80 .\CortexM3\ARM_GCC_493\Debug\galton board.a(isr_7_sensor.o)
 .debug_aranges
                0x000009f0       0x80 .\CortexM3\ARM_GCC_493\Debug\galton board.a(isr_8_sensor.o)
 .debug_aranges
                0x00000a70       0x80 .\CortexM3\ARM_GCC_493\Debug\galton board.a(isr_9_sensor.o)
 .debug_aranges
                0x00000af0       0x80 .\CortexM3\ARM_GCC_493\Debug\galton board.a(isr_10_sensor.o)
 .debug_aranges
                0x00000b70       0x80 .\CortexM3\ARM_GCC_493\Debug\galton board.a(isr_11_sensor.o)
 .debug_aranges
                0x00000bf0       0x80 .\CortexM3\ARM_GCC_493\Debug\galton board.a(isr_12_sensor.o)
 .debug_aranges
                0x00000c70       0x80 .\CortexM3\ARM_GCC_493\Debug\galton board.a(isr_13_sensor.o)
 .debug_aranges
                0x00000cf0       0x20 .\CortexM3\ARM_GCC_493\Debug\galton board.a(CyBootAsmGnu.o)
 .debug_aranges
                0x00000d10       0x80 .\CortexM3\ARM_GCC_493\Debug\galton board.a(CyFlash.o)
 .debug_aranges
                0x00000d90       0x78 .\CortexM3\ARM_GCC_493\Debug\galton board.a(CySpc.o)

.debug_pubnames
 *(.debug_pubnames)

.debug_info     0x00000000     0x6b8b
 *(.debug_info .gnu.linkonce.wi.*)
 .debug_info    0x00000000      0x773 .\CortexM3\ARM_GCC_493\Debug\main.o
 .debug_info    0x00000773      0x13f .\CortexM3\ARM_GCC_493\Debug\cymetadata.o
 .debug_info    0x000008b2      0x3b3 .\CortexM3\ARM_GCC_493\Debug\Cm3Start.o
 .debug_info    0x00000c65      0x5c3 .\CortexM3\ARM_GCC_493\Debug\galton board.a(cyfitter_cfg.o)
 .debug_info    0x00001228     0x1385 .\CortexM3\ARM_GCC_493\Debug\galton board.a(CyLib.o)
 .debug_info    0x000025ad      0xa57 .\CortexM3\ARM_GCC_493\Debug\galton board.a(cyPm.o)
 .debug_info    0x00003004      0x664 .\CortexM3\ARM_GCC_493\Debug\galton board.a(UART_1.o)
 .debug_info    0x00003668      0x2cb .\CortexM3\ARM_GCC_493\Debug\galton board.a(serial_in_buff.o)
 .debug_info    0x00003933      0x283 .\CortexM3\ARM_GCC_493\Debug\galton board.a(UART_1_IntClock.o)
 .debug_info    0x00003bb6      0x2cb .\CortexM3\ARM_GCC_493\Debug\galton board.a(isr_1_sensor.o)
 .debug_info    0x00003e81      0x2cb .\CortexM3\ARM_GCC_493\Debug\galton board.a(isr_2_sensor.o)
 .debug_info    0x0000414c      0x2cb .\CortexM3\ARM_GCC_493\Debug\galton board.a(isr_3_sensor.o)
 .debug_info    0x00004417      0x2cb .\CortexM3\ARM_GCC_493\Debug\galton board.a(isr_5_sensor.o)
 .debug_info    0x000046e2      0x2cb .\CortexM3\ARM_GCC_493\Debug\galton board.a(isr_4_sensor.o)
 .debug_info    0x000049ad      0x2cb .\CortexM3\ARM_GCC_493\Debug\galton board.a(isr_6_sensor.o)
 .debug_info    0x00004c78      0x2cb .\CortexM3\ARM_GCC_493\Debug\galton board.a(isr_7_sensor.o)
 .debug_info    0x00004f43      0x2cb .\CortexM3\ARM_GCC_493\Debug\galton board.a(isr_8_sensor.o)
 .debug_info    0x0000520e      0x2cb .\CortexM3\ARM_GCC_493\Debug\galton board.a(isr_9_sensor.o)
 .debug_info    0x000054d9      0x2cb .\CortexM3\ARM_GCC_493\Debug\galton board.a(isr_10_sensor.o)
 .debug_info    0x000057a4      0x2cb .\CortexM3\ARM_GCC_493\Debug\galton board.a(isr_11_sensor.o)
 .debug_info    0x00005a6f      0x2cb .\CortexM3\ARM_GCC_493\Debug\galton board.a(isr_12_sensor.o)
 .debug_info    0x00005d3a      0x2cb .\CortexM3\ARM_GCC_493\Debug\galton board.a(isr_13_sensor.o)
 .debug_info    0x00006005       0x94 .\CortexM3\ARM_GCC_493\Debug\galton board.a(CyBootAsmGnu.o)
 .debug_info    0x00006099      0x608 .\CortexM3\ARM_GCC_493\Debug\galton board.a(CyFlash.o)
 .debug_info    0x000066a1      0x4ea .\CortexM3\ARM_GCC_493\Debug\galton board.a(CySpc.o)

.debug_abbrev   0x00000000     0x253d
 *(.debug_abbrev)
 .debug_abbrev  0x00000000      0x16b .\CortexM3\ARM_GCC_493\Debug\main.o
 .debug_abbrev  0x0000016b       0x77 .\CortexM3\ARM_GCC_493\Debug\cymetadata.o
 .debug_abbrev  0x000001e2      0x1f7 .\CortexM3\ARM_GCC_493\Debug\Cm3Start.o
 .debug_abbrev  0x000003d9      0x212 .\CortexM3\ARM_GCC_493\Debug\galton board.a(cyfitter_cfg.o)
 .debug_abbrev  0x000005eb      0x296 .\CortexM3\ARM_GCC_493\Debug\galton board.a(CyLib.o)
 .debug_abbrev  0x00000881      0x1ed .\CortexM3\ARM_GCC_493\Debug\galton board.a(cyPm.o)
 .debug_abbrev  0x00000a6e      0x18a .\CortexM3\ARM_GCC_493\Debug\galton board.a(UART_1.o)
 .debug_abbrev  0x00000bf8      0x173 .\CortexM3\ARM_GCC_493\Debug\galton board.a(serial_in_buff.o)
 .debug_abbrev  0x00000d6b      0x139 .\CortexM3\ARM_GCC_493\Debug\galton board.a(UART_1_IntClock.o)
 .debug_abbrev  0x00000ea4      0x173 .\CortexM3\ARM_GCC_493\Debug\galton board.a(isr_1_sensor.o)
 .debug_abbrev  0x00001017      0x173 .\CortexM3\ARM_GCC_493\Debug\galton board.a(isr_2_sensor.o)
 .debug_abbrev  0x0000118a      0x173 .\CortexM3\ARM_GCC_493\Debug\galton board.a(isr_3_sensor.o)
 .debug_abbrev  0x000012fd      0x173 .\CortexM3\ARM_GCC_493\Debug\galton board.a(isr_5_sensor.o)
 .debug_abbrev  0x00001470      0x173 .\CortexM3\ARM_GCC_493\Debug\galton board.a(isr_4_sensor.o)
 .debug_abbrev  0x000015e3      0x173 .\CortexM3\ARM_GCC_493\Debug\galton board.a(isr_6_sensor.o)
 .debug_abbrev  0x00001756      0x173 .\CortexM3\ARM_GCC_493\Debug\galton board.a(isr_7_sensor.o)
 .debug_abbrev  0x000018c9      0x173 .\CortexM3\ARM_GCC_493\Debug\galton board.a(isr_8_sensor.o)
 .debug_abbrev  0x00001a3c      0x173 .\CortexM3\ARM_GCC_493\Debug\galton board.a(isr_9_sensor.o)
 .debug_abbrev  0x00001baf      0x173 .\CortexM3\ARM_GCC_493\Debug\galton board.a(isr_10_sensor.o)
 .debug_abbrev  0x00001d22      0x173 .\CortexM3\ARM_GCC_493\Debug\galton board.a(isr_11_sensor.o)
 .debug_abbrev  0x00001e95      0x173 .\CortexM3\ARM_GCC_493\Debug\galton board.a(isr_12_sensor.o)
 .debug_abbrev  0x00002008      0x173 .\CortexM3\ARM_GCC_493\Debug\galton board.a(isr_13_sensor.o)
 .debug_abbrev  0x0000217b       0x14 .\CortexM3\ARM_GCC_493\Debug\galton board.a(CyBootAsmGnu.o)
 .debug_abbrev  0x0000218f      0x1ed .\CortexM3\ARM_GCC_493\Debug\galton board.a(CyFlash.o)
 .debug_abbrev  0x0000237c      0x1c1 .\CortexM3\ARM_GCC_493\Debug\galton board.a(CySpc.o)

.debug_line     0x00000000     0x2dc7
 *(.debug_line)
 .debug_line    0x00000000      0x3bc .\CortexM3\ARM_GCC_493\Debug\main.o
 .debug_line    0x000003bc       0x51 .\CortexM3\ARM_GCC_493\Debug\cymetadata.o
 .debug_line    0x0000040d      0x24f .\CortexM3\ARM_GCC_493\Debug\Cm3Start.o
 .debug_line    0x0000065c      0x1fb .\CortexM3\ARM_GCC_493\Debug\galton board.a(cyfitter_cfg.o)
 .debug_line    0x00000857      0x816 .\CortexM3\ARM_GCC_493\Debug\galton board.a(CyLib.o)
 .debug_line    0x0000106d      0x364 .\CortexM3\ARM_GCC_493\Debug\galton board.a(cyPm.o)
 .debug_line    0x000013d1      0x2c8 .\CortexM3\ARM_GCC_493\Debug\galton board.a(UART_1.o)
 .debug_line    0x00001699      0x13b .\CortexM3\ARM_GCC_493\Debug\galton board.a(serial_in_buff.o)
 .debug_line    0x000017d4      0x17e .\CortexM3\ARM_GCC_493\Debug\galton board.a(UART_1_IntClock.o)
 .debug_line    0x00001952      0x139 .\CortexM3\ARM_GCC_493\Debug\galton board.a(isr_1_sensor.o)
 .debug_line    0x00001a8b      0x139 .\CortexM3\ARM_GCC_493\Debug\galton board.a(isr_2_sensor.o)
 .debug_line    0x00001bc4      0x139 .\CortexM3\ARM_GCC_493\Debug\galton board.a(isr_3_sensor.o)
 .debug_line    0x00001cfd      0x139 .\CortexM3\ARM_GCC_493\Debug\galton board.a(isr_5_sensor.o)
 .debug_line    0x00001e36      0x139 .\CortexM3\ARM_GCC_493\Debug\galton board.a(isr_4_sensor.o)
 .debug_line    0x00001f6f      0x139 .\CortexM3\ARM_GCC_493\Debug\galton board.a(isr_6_sensor.o)
 .debug_line    0x000020a8      0x139 .\CortexM3\ARM_GCC_493\Debug\galton board.a(isr_7_sensor.o)
 .debug_line    0x000021e1      0x139 .\CortexM3\ARM_GCC_493\Debug\galton board.a(isr_8_sensor.o)
 .debug_line    0x0000231a      0x139 .\CortexM3\ARM_GCC_493\Debug\galton board.a(isr_9_sensor.o)
 .debug_line    0x00002453      0x13a .\CortexM3\ARM_GCC_493\Debug\galton board.a(isr_10_sensor.o)
 .debug_line    0x0000258d      0x13a .\CortexM3\ARM_GCC_493\Debug\galton board.a(isr_11_sensor.o)
 .debug_line    0x000026c7      0x13a .\CortexM3\ARM_GCC_493\Debug\galton board.a(isr_12_sensor.o)
 .debug_line    0x00002801      0x13a .\CortexM3\ARM_GCC_493\Debug\galton board.a(isr_13_sensor.o)
 .debug_line    0x0000293b       0x66 .\CortexM3\ARM_GCC_493\Debug\galton board.a(CyBootAsmGnu.o)
 .debug_line    0x000029a1      0x1ea .\CortexM3\ARM_GCC_493\Debug\galton board.a(CyFlash.o)
 .debug_line    0x00002b8b      0x23c .\CortexM3\ARM_GCC_493\Debug\galton board.a(CySpc.o)

.debug_frame    0x00000000     0x24c4
 *(.debug_frame)
 .debug_frame   0x00000000      0x1f8 .\CortexM3\ARM_GCC_493\Debug\main.o
 .debug_frame   0x000001f8       0xb8 .\CortexM3\ARM_GCC_493\Debug\Cm3Start.o
 .debug_frame   0x000002b0       0xe4 .\CortexM3\ARM_GCC_493\Debug\galton board.a(cyfitter_cfg.o)
 .debug_frame   0x00000394      0x738 .\CortexM3\ARM_GCC_493\Debug\galton board.a(CyLib.o)
 .debug_frame   0x00000acc      0x1f8 .\CortexM3\ARM_GCC_493\Debug\galton board.a(cyPm.o)
 .debug_frame   0x00000cc4      0x278 .\CortexM3\ARM_GCC_493\Debug\galton board.a(UART_1.o)
 .debug_frame   0x00000f3c      0x104 .\CortexM3\ARM_GCC_493\Debug\galton board.a(serial_in_buff.o)
 .debug_frame   0x00001040       0xe0 .\CortexM3\ARM_GCC_493\Debug\galton board.a(UART_1_IntClock.o)
 .debug_frame   0x00001120      0x104 .\CortexM3\ARM_GCC_493\Debug\galton board.a(isr_1_sensor.o)
 .debug_frame   0x00001224      0x104 .\CortexM3\ARM_GCC_493\Debug\galton board.a(isr_2_sensor.o)
 .debug_frame   0x00001328      0x104 .\CortexM3\ARM_GCC_493\Debug\galton board.a(isr_3_sensor.o)
 .debug_frame   0x0000142c      0x104 .\CortexM3\ARM_GCC_493\Debug\galton board.a(isr_5_sensor.o)
 .debug_frame   0x00001530      0x104 .\CortexM3\ARM_GCC_493\Debug\galton board.a(isr_4_sensor.o)
 .debug_frame   0x00001634      0x104 .\CortexM3\ARM_GCC_493\Debug\galton board.a(isr_6_sensor.o)
 .debug_frame   0x00001738      0x104 .\CortexM3\ARM_GCC_493\Debug\galton board.a(isr_7_sensor.o)
 .debug_frame   0x0000183c      0x104 .\CortexM3\ARM_GCC_493\Debug\galton board.a(isr_8_sensor.o)
 .debug_frame   0x00001940      0x104 .\CortexM3\ARM_GCC_493\Debug\galton board.a(isr_9_sensor.o)
 .debug_frame   0x00001a44      0x104 .\CortexM3\ARM_GCC_493\Debug\galton board.a(isr_10_sensor.o)
 .debug_frame   0x00001b48      0x104 .\CortexM3\ARM_GCC_493\Debug\galton board.a(isr_11_sensor.o)
 .debug_frame   0x00001c4c      0x104 .\CortexM3\ARM_GCC_493\Debug\galton board.a(isr_12_sensor.o)
 .debug_frame   0x00001d50      0x104 .\CortexM3\ARM_GCC_493\Debug\galton board.a(isr_13_sensor.o)
 .debug_frame   0x00001e54      0x174 .\CortexM3\ARM_GCC_493\Debug\galton board.a(CyFlash.o)
 .debug_frame   0x00001fc8      0x160 .\CortexM3\ARM_GCC_493\Debug\galton board.a(CySpc.o)
 .debug_frame   0x00002128       0x20 c:/program files (x86)/cypress/psoc creator/4.0/psoc creator/import/gnu/arm/4.9.3/bin/../lib/gcc/arm-none-eabi/4.9.3/../../../../arm-none-eabi/lib/armv7-m\libg_nano.a(lib_a-errno.o)
 .debug_frame   0x00002148       0x28 c:/program files (x86)/cypress/psoc creator/4.0/psoc creator/import/gnu/arm/4.9.3/bin/../lib/gcc/arm-none-eabi/4.9.3/../../../../arm-none-eabi/lib/armv7-m\libg_nano.a(lib_a-exit.o)
 .debug_frame   0x00002170       0x2c c:/program files (x86)/cypress/psoc creator/4.0/psoc creator/import/gnu/arm/4.9.3/bin/../lib/gcc/arm-none-eabi/4.9.3/../../../../arm-none-eabi/lib/armv7-m\libg_nano.a(lib_a-init.o)
 .debug_frame   0x0000219c       0x28 c:/program files (x86)/cypress/psoc creator/4.0/psoc creator/import/gnu/arm/4.9.3/bin/../lib/gcc/arm-none-eabi/4.9.3/../../../../arm-none-eabi/lib/armv7-m\libg_nano.a(lib_a-memcpy.o)
 .debug_frame   0x000021c4       0x20 c:/program files (x86)/cypress/psoc creator/4.0/psoc creator/import/gnu/arm/4.9.3/bin/../lib/gcc/arm-none-eabi/4.9.3/../../../../arm-none-eabi/lib/armv7-m\libg_nano.a(lib_a-memset.o)
 .debug_frame   0x000021e4       0x70 c:/program files (x86)/cypress/psoc creator/4.0/psoc creator/import/gnu/arm/4.9.3/bin/../lib/gcc/arm-none-eabi/4.9.3/../../../../arm-none-eabi/lib/armv7-m\libg_nano.a(lib_a-sprintf.o)
 .debug_frame   0x00002254       0x8c c:/program files (x86)/cypress/psoc creator/4.0/psoc creator/import/gnu/arm/4.9.3/bin/../lib/gcc/arm-none-eabi/4.9.3/../../../../arm-none-eabi/lib/armv7-m\libg_nano.a(lib_a-nano-svfprintf.o)
 .debug_frame   0x000022e0       0x58 c:/program files (x86)/cypress/psoc creator/4.0/psoc creator/import/gnu/arm/4.9.3/bin/../lib/gcc/arm-none-eabi/4.9.3/../../../../arm-none-eabi/lib/armv7-m\libg_nano.a(lib_a-nano-vfprintf_i.o)
 .debug_frame   0x00002338       0x28 c:/program files (x86)/cypress/psoc creator/4.0/psoc creator/import/gnu/arm/4.9.3/bin/../lib/gcc/arm-none-eabi/4.9.3/../../../../arm-none-eabi/lib/armv7-m\libg_nano.a(lib_a-memchr.o)
 .debug_frame   0x00002360       0x28 c:/program files (x86)/cypress/psoc creator/4.0/psoc creator/import/gnu/arm/4.9.3/bin/../lib/gcc/arm-none-eabi/4.9.3/../../../../arm-none-eabi/lib/armv7-m\libg_nano.a(lib_a-memmove.o)
 .debug_frame   0x00002388       0x2c c:/program files (x86)/cypress/psoc creator/4.0/psoc creator/import/gnu/arm/4.9.3/bin/../lib/gcc/arm-none-eabi/4.9.3/../../../../arm-none-eabi/lib/armv7-m\libg_nano.a(lib_a-nano-freer.o)
 .debug_frame   0x000023b4       0x2c c:/program files (x86)/cypress/psoc creator/4.0/psoc creator/import/gnu/arm/4.9.3/bin/../lib/gcc/arm-none-eabi/4.9.3/../../../../arm-none-eabi/lib/armv7-m\libg_nano.a(lib_a-nano-mallocr.o)
 .debug_frame   0x000023e0       0x3c c:/program files (x86)/cypress/psoc creator/4.0/psoc creator/import/gnu/arm/4.9.3/bin/../lib/gcc/arm-none-eabi/4.9.3/../../../../arm-none-eabi/lib/armv7-m\libg_nano.a(lib_a-nano-reallocr.o)
 .debug_frame   0x0000241c       0x2c c:/program files (x86)/cypress/psoc creator/4.0/psoc creator/import/gnu/arm/4.9.3/bin/../lib/gcc/arm-none-eabi/4.9.3/../../../../arm-none-eabi/lib/armv7-m\libg_nano.a(lib_a-sbrkr.o)
 .debug_frame   0x00002448       0x20 c:/program files (x86)/cypress/psoc creator/4.0/psoc creator/import/gnu/arm/4.9.3/bin/../lib/gcc/arm-none-eabi/4.9.3/../../../../arm-none-eabi/lib/armv7-m\libg_nano.a(lib_a-nano-msizer.o)
 .debug_frame   0x00002468       0x5c c:/program files (x86)/cypress/psoc creator/4.0/psoc creator/import/gnu/arm/4.9.3/bin/../lib/gcc/arm-none-eabi/4.9.3/../../../../arm-none-eabi/lib/armv7-m\libg_nano.a(lib_a-reent.o)

.debug_str      0x00000000     0x2aae
 *(.debug_str)
 .debug_str     0x00000000      0x54c .\CortexM3\ARM_GCC_493\Debug\main.o
                                0x58d (size before relaxing)
 .debug_str     0x0000054c       0x75 .\CortexM3\ARM_GCC_493\Debug\cymetadata.o
                                0x1ee (size before relaxing)
 .debug_str     0x000005c1      0x15d .\CortexM3\ARM_GCC_493\Debug\Cm3Start.o
                                0x302 (size before relaxing)
 .debug_str     0x0000071e      0x190 .\CortexM3\ARM_GCC_493\Debug\galton board.a(cyfitter_cfg.o)
                                0x33c (size before relaxing)
 .debug_str     0x000008ae      0x854 .\CortexM3\ARM_GCC_493\Debug\galton board.a(CyLib.o)
                                0xa3f (size before relaxing)
 .debug_str     0x00001102      0x359 .\CortexM3\ARM_GCC_493\Debug\galton board.a(cyPm.o)
                                0x71f (size before relaxing)
 .debug_str     0x0000145b      0x2b2 .\CortexM3\ARM_GCC_493\Debug\galton board.a(UART_1.o)
                                0x4ab (size before relaxing)
 .debug_str     0x0000170d      0x14d .\CortexM3\ARM_GCC_493\Debug\galton board.a(serial_in_buff.o)
                                0x31c (size before relaxing)
 .debug_str     0x0000185a      0x197 .\CortexM3\ARM_GCC_493\Debug\galton board.a(UART_1_IntClock.o)
                                0x352 (size before relaxing)
 .debug_str     0x000019f1      0x119 .\CortexM3\ARM_GCC_493\Debug\galton board.a(isr_1_sensor.o)
                                0x300 (size before relaxing)
 .debug_str     0x00001b0a      0x119 .\CortexM3\ARM_GCC_493\Debug\galton board.a(isr_2_sensor.o)
                                0x300 (size before relaxing)
 .debug_str     0x00001c23      0x119 .\CortexM3\ARM_GCC_493\Debug\galton board.a(isr_3_sensor.o)
                                0x300 (size before relaxing)
 .debug_str     0x00001d3c      0x119 .\CortexM3\ARM_GCC_493\Debug\galton board.a(isr_5_sensor.o)
                                0x300 (size before relaxing)
 .debug_str     0x00001e55      0x119 .\CortexM3\ARM_GCC_493\Debug\galton board.a(isr_4_sensor.o)
                                0x300 (size before relaxing)
 .debug_str     0x00001f6e      0x119 .\CortexM3\ARM_GCC_493\Debug\galton board.a(isr_6_sensor.o)
                                0x300 (size before relaxing)
 .debug_str     0x00002087      0x119 .\CortexM3\ARM_GCC_493\Debug\galton board.a(isr_7_sensor.o)
                                0x300 (size before relaxing)
 .debug_str     0x000021a0      0x119 .\CortexM3\ARM_GCC_493\Debug\galton board.a(isr_8_sensor.o)
                                0x300 (size before relaxing)
 .debug_str     0x000022b9      0x119 .\CortexM3\ARM_GCC_493\Debug\galton board.a(isr_9_sensor.o)
                                0x300 (size before relaxing)
 .debug_str     0x000023d2      0x125 .\CortexM3\ARM_GCC_493\Debug\galton board.a(isr_10_sensor.o)
                                0x30e (size before relaxing)
 .debug_str     0x000024f7      0x125 .\CortexM3\ARM_GCC_493\Debug\galton board.a(isr_11_sensor.o)
                                0x30e (size before relaxing)
 .debug_str     0x0000261c      0x125 .\CortexM3\ARM_GCC_493\Debug\galton board.a(isr_12_sensor.o)
                                0x30e (size before relaxing)
 .debug_str     0x00002741      0x125 .\CortexM3\ARM_GCC_493\Debug\galton board.a(isr_13_sensor.o)
                                0x30e (size before relaxing)
 .debug_str     0x00002866      0x19c .\CortexM3\ARM_GCC_493\Debug\galton board.a(CyFlash.o)
                                0x399 (size before relaxing)
 .debug_str     0x00002a02       0xac .\CortexM3\ARM_GCC_493\Debug\galton board.a(CySpc.o)
                                0x322 (size before relaxing)

.debug_loc      0x00000000     0x215c
 *(.debug_loc)
 .debug_loc     0x00000000      0x144 .\CortexM3\ARM_GCC_493\Debug\Cm3Start.o
 .debug_loc     0x00000144      0x259 .\CortexM3\ARM_GCC_493\Debug\galton board.a(cyfitter_cfg.o)
 .debug_loc     0x0000039d      0xa11 .\CortexM3\ARM_GCC_493\Debug\galton board.a(CyLib.o)
 .debug_loc     0x00000dae      0x1e4 .\CortexM3\ARM_GCC_493\Debug\galton board.a(cyPm.o)
 .debug_loc     0x00000f92      0x29d .\CortexM3\ARM_GCC_493\Debug\galton board.a(UART_1.o)
 .debug_loc     0x0000122f       0x56 .\CortexM3\ARM_GCC_493\Debug\galton board.a(serial_in_buff.o)
 .debug_loc     0x00001285      0x12c .\CortexM3\ARM_GCC_493\Debug\galton board.a(UART_1_IntClock.o)
 .debug_loc     0x000013b1       0x56 .\CortexM3\ARM_GCC_493\Debug\galton board.a(isr_1_sensor.o)
 .debug_loc     0x00001407       0x56 .\CortexM3\ARM_GCC_493\Debug\galton board.a(isr_2_sensor.o)
 .debug_loc     0x0000145d       0x56 .\CortexM3\ARM_GCC_493\Debug\galton board.a(isr_3_sensor.o)
 .debug_loc     0x000014b3       0x56 .\CortexM3\ARM_GCC_493\Debug\galton board.a(isr_5_sensor.o)
 .debug_loc     0x00001509       0x56 .\CortexM3\ARM_GCC_493\Debug\galton board.a(isr_4_sensor.o)
 .debug_loc     0x0000155f       0x56 .\CortexM3\ARM_GCC_493\Debug\galton board.a(isr_6_sensor.o)
 .debug_loc     0x000015b5       0x56 .\CortexM3\ARM_GCC_493\Debug\galton board.a(isr_7_sensor.o)
 .debug_loc     0x0000160b       0x56 .\CortexM3\ARM_GCC_493\Debug\galton board.a(isr_8_sensor.o)
 .debug_loc     0x00001661       0x56 .\CortexM3\ARM_GCC_493\Debug\galton board.a(isr_9_sensor.o)
 .debug_loc     0x000016b7       0x56 .\CortexM3\ARM_GCC_493\Debug\galton board.a(isr_10_sensor.o)
 .debug_loc     0x0000170d       0x56 .\CortexM3\ARM_GCC_493\Debug\galton board.a(isr_11_sensor.o)
 .debug_loc     0x00001763       0x56 .\CortexM3\ARM_GCC_493\Debug\galton board.a(isr_12_sensor.o)
 .debug_loc     0x000017b9       0x56 .\CortexM3\ARM_GCC_493\Debug\galton board.a(isr_13_sensor.o)
 .debug_loc     0x0000180f      0x300 .\CortexM3\ARM_GCC_493\Debug\galton board.a(CyFlash.o)
 .debug_loc     0x00001b0f      0x64d .\CortexM3\ARM_GCC_493\Debug\galton board.a(CySpc.o)

.debug_macinfo
 *(.debug_macinfo)

.debug_ranges   0x00000000      0xc60
 *(.debug_ranges)
 .debug_ranges  0x00000000       0x90 .\CortexM3\ARM_GCC_493\Debug\main.o
 .debug_ranges  0x00000090       0x38 .\CortexM3\ARM_GCC_493\Debug\Cm3Start.o
 .debug_ranges  0x000000c8       0x48 .\CortexM3\ARM_GCC_493\Debug\galton board.a(cyfitter_cfg.o)
 .debug_ranges  0x00000110      0x290 .\CortexM3\ARM_GCC_493\Debug\galton board.a(CyLib.o)
 .debug_ranges  0x000003a0       0x88 .\CortexM3\ARM_GCC_493\Debug\galton board.a(cyPm.o)
 .debug_ranges  0x00000428       0xe0 .\CortexM3\ARM_GCC_493\Debug\galton board.a(UART_1.o)
 .debug_ranges  0x00000508       0x70 .\CortexM3\ARM_GCC_493\Debug\galton board.a(serial_in_buff.o)
 .debug_ranges  0x00000578       0x60 .\CortexM3\ARM_GCC_493\Debug\galton board.a(UART_1_IntClock.o)
 .debug_ranges  0x000005d8       0x70 .\CortexM3\ARM_GCC_493\Debug\galton board.a(isr_1_sensor.o)
 .debug_ranges  0x00000648       0x70 .\CortexM3\ARM_GCC_493\Debug\galton board.a(isr_2_sensor.o)
 .debug_ranges  0x000006b8       0x70 .\CortexM3\ARM_GCC_493\Debug\galton board.a(isr_3_sensor.o)
 .debug_ranges  0x00000728       0x70 .\CortexM3\ARM_GCC_493\Debug\galton board.a(isr_5_sensor.o)
 .debug_ranges  0x00000798       0x70 .\CortexM3\ARM_GCC_493\Debug\galton board.a(isr_4_sensor.o)
 .debug_ranges  0x00000808       0x70 .\CortexM3\ARM_GCC_493\Debug\galton board.a(isr_6_sensor.o)
 .debug_ranges  0x00000878       0x70 .\CortexM3\ARM_GCC_493\Debug\galton board.a(isr_7_sensor.o)
 .debug_ranges  0x000008e8       0x70 .\CortexM3\ARM_GCC_493\Debug\galton board.a(isr_8_sensor.o)
 .debug_ranges  0x00000958       0x70 .\CortexM3\ARM_GCC_493\Debug\galton board.a(isr_9_sensor.o)
 .debug_ranges  0x000009c8       0x70 .\CortexM3\ARM_GCC_493\Debug\galton board.a(isr_10_sensor.o)
 .debug_ranges  0x00000a38       0x70 .\CortexM3\ARM_GCC_493\Debug\galton board.a(isr_11_sensor.o)
 .debug_ranges  0x00000aa8       0x70 .\CortexM3\ARM_GCC_493\Debug\galton board.a(isr_12_sensor.o)
 .debug_ranges  0x00000b18       0x70 .\CortexM3\ARM_GCC_493\Debug\galton board.a(isr_13_sensor.o)
 .debug_ranges  0x00000b88       0x70 .\CortexM3\ARM_GCC_493\Debug\galton board.a(CyFlash.o)
 .debug_ranges  0x00000bf8       0x68 .\CortexM3\ARM_GCC_493\Debug\galton board.a(CySpc.o)

.comment        0x00000000       0x70
 .comment       0x00000000       0x70 .\CortexM3\ARM_GCC_493\Debug\main.o
                                 0x71 (size before relaxing)
 .comment       0x00000000       0x71 .\CortexM3\ARM_GCC_493\Debug\cymetadata.o
 .comment       0x00000000       0x71 .\CortexM3\ARM_GCC_493\Debug\Cm3Start.o
 .comment       0x00000000       0x71 .\CortexM3\ARM_GCC_493\Debug\galton board.a(cyfitter_cfg.o)
 .comment       0x00000000       0x71 .\CortexM3\ARM_GCC_493\Debug\galton board.a(CyLib.o)
 .comment       0x00000000       0x71 .\CortexM3\ARM_GCC_493\Debug\galton board.a(cyPm.o)
 .comment       0x00000000       0x71 .\CortexM3\ARM_GCC_493\Debug\galton board.a(UART_1.o)
 .comment       0x00000000       0x71 .\CortexM3\ARM_GCC_493\Debug\galton board.a(serial_in_buff.o)
 .comment       0x00000000       0x71 .\CortexM3\ARM_GCC_493\Debug\galton board.a(UART_1_IntClock.o)
 .comment       0x00000000       0x71 .\CortexM3\ARM_GCC_493\Debug\galton board.a(isr_1_sensor.o)
 .comment       0x00000000       0x71 .\CortexM3\ARM_GCC_493\Debug\galton board.a(isr_2_sensor.o)
 .comment       0x00000000       0x71 .\CortexM3\ARM_GCC_493\Debug\galton board.a(isr_3_sensor.o)
 .comment       0x00000000       0x71 .\CortexM3\ARM_GCC_493\Debug\galton board.a(isr_5_sensor.o)
 .comment       0x00000000       0x71 .\CortexM3\ARM_GCC_493\Debug\galton board.a(isr_4_sensor.o)
 .comment       0x00000000       0x71 .\CortexM3\ARM_GCC_493\Debug\galton board.a(isr_6_sensor.o)
 .comment       0x00000000       0x71 .\CortexM3\ARM_GCC_493\Debug\galton board.a(isr_7_sensor.o)
 .comment       0x00000000       0x71 .\CortexM3\ARM_GCC_493\Debug\galton board.a(isr_8_sensor.o)
 .comment       0x00000000       0x71 .\CortexM3\ARM_GCC_493\Debug\galton board.a(isr_9_sensor.o)
 .comment       0x00000000       0x71 .\CortexM3\ARM_GCC_493\Debug\galton board.a(isr_10_sensor.o)
 .comment       0x00000000       0x71 .\CortexM3\ARM_GCC_493\Debug\galton board.a(isr_11_sensor.o)
 .comment       0x00000000       0x71 .\CortexM3\ARM_GCC_493\Debug\galton board.a(isr_12_sensor.o)
 .comment       0x00000000       0x71 .\CortexM3\ARM_GCC_493\Debug\galton board.a(isr_13_sensor.o)
 .comment       0x00000000       0x71 .\CortexM3\ARM_GCC_493\Debug\galton board.a(CyFlash.o)
 .comment       0x00000000       0x71 .\CortexM3\ARM_GCC_493\Debug\galton board.a(CySpc.o)

.debug_weaknames
 *(.debug_weaknames)

.debug_funcnames
 *(.debug_funcnames)

.debug_typenames
 *(.debug_typenames)

.debug_varnames
 *(.debug_varnames)

.note.gnu.arm.ident
 *(.note.gnu.arm.ident)

.ARM.attributes
                0x00000000       0x29
 *(.ARM.attributes)
 .ARM.attributes
                0x00000000       0x1d c:/program files (x86)/cypress/psoc creator/4.0/psoc creator/import/gnu/arm/4.9.3/bin/../lib/gcc/arm-none-eabi/4.9.3/armv7-m/crti.o
 .ARM.attributes
                0x0000001d       0x2d c:/program files (x86)/cypress/psoc creator/4.0/psoc creator/import/gnu/arm/4.9.3/bin/../lib/gcc/arm-none-eabi/4.9.3/armv7-m/crtbegin.o
 .ARM.attributes
                0x0000004a       0x1b c:/program files (x86)/cypress/psoc creator/4.0/psoc creator/import/gnu/arm/4.9.3/bin/../lib/gcc/arm-none-eabi/4.9.3/../../../../arm-none-eabi/lib/armv7-m/crt0.o
 .ARM.attributes
                0x00000065       0x33 .\CortexM3\ARM_GCC_493\Debug\main.o
 .ARM.attributes
                0x00000098       0x33 .\CortexM3\ARM_GCC_493\Debug\cymetadata.o
 .ARM.attributes
                0x000000cb       0x33 .\CortexM3\ARM_GCC_493\Debug\Cm3Start.o
 .ARM.attributes
                0x000000fe       0x33 .\CortexM3\ARM_GCC_493\Debug\galton board.a(cyfitter_cfg.o)
 .ARM.attributes
                0x00000131       0x33 .\CortexM3\ARM_GCC_493\Debug\galton board.a(CyLib.o)
 .ARM.attributes
                0x00000164       0x33 .\CortexM3\ARM_GCC_493\Debug\galton board.a(cyPm.o)
 .ARM.attributes
                0x00000197       0x33 .\CortexM3\ARM_GCC_493\Debug\galton board.a(UART_1.o)
 .ARM.attributes
                0x000001ca       0x33 .\CortexM3\ARM_GCC_493\Debug\galton board.a(serial_in_buff.o)
 .ARM.attributes
                0x000001fd       0x33 .\CortexM3\ARM_GCC_493\Debug\galton board.a(UART_1_IntClock.o)
 .ARM.attributes
                0x00000230       0x33 .\CortexM3\ARM_GCC_493\Debug\galton board.a(isr_1_sensor.o)
 .ARM.attributes
                0x00000263       0x33 .\CortexM3\ARM_GCC_493\Debug\galton board.a(isr_2_sensor.o)
 .ARM.attributes
                0x00000296       0x33 .\CortexM3\ARM_GCC_493\Debug\galton board.a(isr_3_sensor.o)
 .ARM.attributes
                0x000002c9       0x33 .\CortexM3\ARM_GCC_493\Debug\galton board.a(isr_5_sensor.o)
 .ARM.attributes
                0x000002fc       0x33 .\CortexM3\ARM_GCC_493\Debug\galton board.a(isr_4_sensor.o)
 .ARM.attributes
                0x0000032f       0x33 .\CortexM3\ARM_GCC_493\Debug\galton board.a(isr_6_sensor.o)
 .ARM.attributes
                0x00000362       0x33 .\CortexM3\ARM_GCC_493\Debug\galton board.a(isr_7_sensor.o)
 .ARM.attributes
                0x00000395       0x33 .\CortexM3\ARM_GCC_493\Debug\galton board.a(isr_8_sensor.o)
 .ARM.attributes
                0x000003c8       0x33 .\CortexM3\ARM_GCC_493\Debug\galton board.a(isr_9_sensor.o)
 .ARM.attributes
                0x000003fb       0x33 .\CortexM3\ARM_GCC_493\Debug\galton board.a(isr_10_sensor.o)
 .ARM.attributes
                0x0000042e       0x33 .\CortexM3\ARM_GCC_493\Debug\galton board.a(isr_11_sensor.o)
 .ARM.attributes
                0x00000461       0x33 .\CortexM3\ARM_GCC_493\Debug\galton board.a(isr_12_sensor.o)
 .ARM.attributes
                0x00000494       0x33 .\CortexM3\ARM_GCC_493\Debug\galton board.a(isr_13_sensor.o)
 .ARM.attributes
                0x000004c7       0x21 .\CortexM3\ARM_GCC_493\Debug\galton board.a(CyBootAsmGnu.o)
 .ARM.attributes
                0x000004e8       0x33 .\CortexM3\ARM_GCC_493\Debug\galton board.a(CyFlash.o)
 .ARM.attributes
                0x0000051b       0x33 .\CortexM3\ARM_GCC_493\Debug\galton board.a(CySpc.o)
 .ARM.attributes
                0x0000054e       0x2d c:/program files (x86)/cypress/psoc creator/4.0/psoc creator/import/gnu/arm/4.9.3/bin/../lib/gcc/arm-none-eabi/4.9.3/../../../../arm-none-eabi/lib/armv7-m\libg_nano.a(lib_a-errno.o)
 .ARM.attributes
                0x0000057b       0x2d c:/program files (x86)/cypress/psoc creator/4.0/psoc creator/import/gnu/arm/4.9.3/bin/../lib/gcc/arm-none-eabi/4.9.3/../../../../arm-none-eabi/lib/armv7-m\libg_nano.a(lib_a-exit.o)
 .ARM.attributes
                0x000005a8       0x2d c:/program files (x86)/cypress/psoc creator/4.0/psoc creator/import/gnu/arm/4.9.3/bin/../lib/gcc/arm-none-eabi/4.9.3/../../../../arm-none-eabi/lib/armv7-m\libg_nano.a(lib_a-impure.o)
 .ARM.attributes
                0x000005d5       0x2d c:/program files (x86)/cypress/psoc creator/4.0/psoc creator/import/gnu/arm/4.9.3/bin/../lib/gcc/arm-none-eabi/4.9.3/../../../../arm-none-eabi/lib/armv7-m\libg_nano.a(lib_a-init.o)
 .ARM.attributes
                0x00000602       0x2d c:/program files (x86)/cypress/psoc creator/4.0/psoc creator/import/gnu/arm/4.9.3/bin/../lib/gcc/arm-none-eabi/4.9.3/../../../../arm-none-eabi/lib/armv7-m\libg_nano.a(lib_a-memcpy.o)
 .ARM.attributes
                0x0000062f       0x2d c:/program files (x86)/cypress/psoc creator/4.0/psoc creator/import/gnu/arm/4.9.3/bin/../lib/gcc/arm-none-eabi/4.9.3/../../../../arm-none-eabi/lib/armv7-m\libg_nano.a(lib_a-memset.o)
 .ARM.attributes
                0x0000065c       0x2d c:/program files (x86)/cypress/psoc creator/4.0/psoc creator/import/gnu/arm/4.9.3/bin/../lib/gcc/arm-none-eabi/4.9.3/../../../../arm-none-eabi/lib/armv7-m\libg_nano.a(lib_a-sprintf.o)
 .ARM.attributes
                0x00000689       0x2d c:/program files (x86)/cypress/psoc creator/4.0/psoc creator/import/gnu/arm/4.9.3/bin/../lib/gcc/arm-none-eabi/4.9.3/../../../../arm-none-eabi/lib/armv7-m\libg_nano.a(lib_a-nano-svfprintf.o)
 .ARM.attributes
                0x000006b6       0x2d c:/program files (x86)/cypress/psoc creator/4.0/psoc creator/import/gnu/arm/4.9.3/bin/../lib/gcc/arm-none-eabi/4.9.3/../../../../arm-none-eabi/lib/armv7-m\libg_nano.a(lib_a-nano-vfprintf_i.o)
 .ARM.attributes
                0x000006e3       0x2d c:/program files (x86)/cypress/psoc creator/4.0/psoc creator/import/gnu/arm/4.9.3/bin/../lib/gcc/arm-none-eabi/4.9.3/../../../../arm-none-eabi/lib/armv7-m\libg_nano.a(lib_a-memchr.o)
 .ARM.attributes
                0x00000710       0x2d c:/program files (x86)/cypress/psoc creator/4.0/psoc creator/import/gnu/arm/4.9.3/bin/../lib/gcc/arm-none-eabi/4.9.3/../../../../arm-none-eabi/lib/armv7-m\libg_nano.a(lib_a-memmove.o)
 .ARM.attributes
                0x0000073d       0x2d c:/program files (x86)/cypress/psoc creator/4.0/psoc creator/import/gnu/arm/4.9.3/bin/../lib/gcc/arm-none-eabi/4.9.3/../../../../arm-none-eabi/lib/armv7-m\libg_nano.a(lib_a-nano-freer.o)
 .ARM.attributes
                0x0000076a       0x2d c:/program files (x86)/cypress/psoc creator/4.0/psoc creator/import/gnu/arm/4.9.3/bin/../lib/gcc/arm-none-eabi/4.9.3/../../../../arm-none-eabi/lib/armv7-m\libg_nano.a(lib_a-nano-mallocr.o)
 .ARM.attributes
                0x00000797       0x2d c:/program files (x86)/cypress/psoc creator/4.0/psoc creator/import/gnu/arm/4.9.3/bin/../lib/gcc/arm-none-eabi/4.9.3/../../../../arm-none-eabi/lib/armv7-m\libg_nano.a(lib_a-nano-reallocr.o)
 .ARM.attributes
                0x000007c4       0x2d c:/program files (x86)/cypress/psoc creator/4.0/psoc creator/import/gnu/arm/4.9.3/bin/../lib/gcc/arm-none-eabi/4.9.3/../../../../arm-none-eabi/lib/armv7-m\libg_nano.a(lib_a-sbrkr.o)
 .ARM.attributes
                0x000007f1       0x2d c:/program files (x86)/cypress/psoc creator/4.0/psoc creator/import/gnu/arm/4.9.3/bin/../lib/gcc/arm-none-eabi/4.9.3/../../../../arm-none-eabi/lib/armv7-m\libg_nano.a(lib_a-nano-msizer.o)
 .ARM.attributes
                0x0000081e       0x2d c:/program files (x86)/cypress/psoc creator/4.0/psoc creator/import/gnu/arm/4.9.3/bin/../lib/gcc/arm-none-eabi/4.9.3/../../../../arm-none-eabi/lib/armv7-m\libg_nano.a(lib_a-reent.o)
 .ARM.attributes
                0x0000084b       0x2d c:/program files (x86)/cypress/psoc creator/4.0/psoc creator/import/gnu/arm/4.9.3/bin/../lib/gcc/arm-none-eabi/4.9.3/armv7-m/crtend.o
 .ARM.attributes
                0x00000878       0x1d c:/program files (x86)/cypress/psoc creator/4.0/psoc creator/import/gnu/arm/4.9.3/bin/../lib/gcc/arm-none-eabi/4.9.3/armv7-m/crtn.o

/DISCARD/
 *(.note.GNU-stack)
OUTPUT(.\CortexM3\ARM_GCC_493\Debug\galton board.elf elf32-littlearm)
